Microchip MPLAB XC8 Compiler V2.50

Linker command line:

-W-3 \
  --edf=C:\Program Files\Microchip\xc8\v2.50\pic\dat\20240725155939_en.msgs \
  -cn -h+dist/default/debug\EDS-30_R1.debug.sym \
  --cmf=dist/default/debug\EDS-30_R1.debug.cmf -z -Q18F46K22 \
  -oC:\Users\vinok\AppData\Local\Temp\xcBs5tc.1\driver_tmp_3.o \
  --defsym=__MPLAB_BUILD=1 --fixupoverflow=error \
  -Mdist/default/debug/EDS-30_R1.debug.map \
  --md=C:\Users\vinok\AppData\Local\Temp\xcBs5tc.1\driver_tmp_0.dat -E1 \
  -ver=XC8 Compiler --acfsm=1493 -ACODE=00h-0FFFFh -ACONST=00h-0FFFFh \
  -ASMALLCONST=01000h-010FFhx240 -AMEDIUMCONST=01000h-0FFFFh \
  -ACOMRAM=01h-05Fh -AABS1=00h-0F37h -ABIGRAM=01h-0F37h \
  -ARAM=060h-0FFh,0100h-01FFhx14,0F00h-0F37h -ABANK0=060h-0FFh \
  -ABANK1=0100h-01FFh -ABANK2=0200h-02FFh -ABANK3=0300h-03FFh \
  -ABANK4=0400h-04FFh -ABANK5=0500h-05FFh -ABANK6=0600h-06FFh \
  -ABANK7=0700h-07FFh -ABANK8=0800h-08FFh -ABANK9=0900h-09FFh \
  -ABANK10=0A00h-0AFFh -ABANK11=0B00h-0BFFh -ABANK12=0C00h-0CFFh \
  -ABANK13=0D00h-0DFFh -ABANK14=0E00h-0EFFh -ABANK15=0F00h-0F37h \
  -ASFR=0F38h-0F5Fh,0F60h-0FFCh -ABIGSFR=0F38h-0FFCh \
  -ACONFIG=0300000h-030000Dh -AIDLOC=0200000h-0200007h \
  -AEEDATA=0F00000h-0F003FFh -peeprom_data=EEDATA \
  -preset_vec=00h,intcode=8h,intcodelo,powerup,init -pramtop=01000h \
  -psmallconst=SMALLCONST -pmediumconst=MEDIUMCONST -pconst=CONST \
  -AFARRAM=00h-00h \
  -prdata=COMRAM,nvrram=COMRAM,nvbit=COMRAM,rbss=COMRAM,rbit=COMRAM \
  -pfarbss=FARRAM,fardata=FARRAM,nvFARRAM=FARRAM \
  -pintsave_regs=BIGRAM,bigbss=BIGRAM,bigdata=BIGRAM -pbss=RAM \
  -pidata=CODE,irdata=CODE,ibigdata=CODE,ifardata=CODE -prparam=COMRAM \
  C:\Users\vinok\AppData\Local\Temp\xcBs5tc.1\driver_tmp_14.o \
  dist/default/debug\EDS-30_R1.debug.o 

Object code version is 3.11

Machine type is 18F46K22



                Name                               Link     Load   Length Selector   Space Scale
C:\Users\vinok\AppData\Local\Temp\xcBs5tc.1\driver_tmp_14.o
                idloc                            200000   200000        8        0       5
                config                           300000   300000        E        0       4
                init                                3CE      3CE        4        4       0
                reset_vec                             0        0        6        0       0
dist/default/debug\EDS-30_R1.debug.o
                intcode                               8        8      3C6        4       0
                idloc                            200000   200000        8        0       5
                config                           300000   300000        E        0       4
                temp                                 53       53        1        1       1
                mediumconst                        9192     9192     6E6E     48C9       0
                text114                            6EAA     6EAA        A     3609       0
                text113                            6E9E     6E9E        C     3609       0
                text112                            68EC     68EC       44        4       0
                text111                            6E92     6E92        C     3609       0
                text110                            68A8     68A8       44        4       0
                text109                            6562     6562       68        4       0
                text108                            668A     668A       56        4       0
                text107                            6E86     6E86        C     3609       0
                text106                            6E7A     6E7A        C     3609       0
                text105                            69A2     69A2       38        4       0
                text104                            6862     6862       46        4       0
                text103                            6ADC     6ADC       32        4       0
                text102                            6E6E     6E6E        C     3609       0
                text101                            5B6E     5B6E       A8        4       0
                text100                            6DD0     6DD0       18     3609       0
                text99                             56DA     56DA       D4        4       0
                text98                             6E5E     6E5E       10     3609       0
                text97                             4FBC     4FBC      116        4       0
                text96                             6930     6930       3A        4       0
                text95                             587E     587E       CA        4       0
                text94                             6E3C     6E3C       12     3609       0
                text93                             6E4E     6E4E       10     3609       0
                text92                             6EBC     6EBC        8     3609       0
                text91                             6EB4     6EB4        8     3609       0
                text90                             6D3C     6D3C       20     3609       0
                text89                             6C62     6C62       28     3609       0
                text88                             4092     4092      1A2        4       0
                text87                             4234     4234      17C        4       0
                text86                             3ED8     3ED8      1BA        4       0
                text85                             6080     6080       7E        4       0
                text84                             5CBC     5CBC       98        4       0
                text83                             4D74     4D74      128        4       0
                text82                             6A76     6A76       34        4       0
                text81                             6A42     6A42       34        4       0
                text80                             6D7A     6D7A       1E     3609       0
                text79                             64F8     64F8       6A        4       0
                text78                             6D5C     6D5C       1E     3609       0
                text77                             4E9C     4E9C      120        4       0
                text76                             5AB8     5AB8       B6        4       0
                text75                             6630     6630       5A        4       0
                text74                             6AAA     6AAA       32        4       0
                text73                             5E6E     5E6E       8A        4       0
                text72                             57AE     57AE       D0        4       0
                text71                             6B0E     6B0E       2E        4       0
                text70                             2F32     2F32      30A        4       0
                text69                             67D4     67D4       48        4       0
                text68                             5948     5948       BA        4       0
                text67                             5FFE     5FFE       82        4       0
                text66                             65CA     65CA       66        4       0
                text65                             6CB0     6CB0       26     3609       0
                text64                             4500     4500      140        4       0
                text63                             55E6     55E6       F4        4       0
                text62                             52F8     52F8       FE        4       0
                text61                             25D0     25D0      328        4       0
                text60                             696A     696A       38        4       0
                text59                             6C3A     6C3A       28     3609       0
                text58                             3A3C     3A3C      26A        4       0
                text57                             6DB4     6DB4       1C     3609       0
                text56                             5F7C     5F7C       82        4       0
                text55                             6420     6420       6E        4       0
                text54                             1B0C     1B0C      3D0        4       0
                text53                              3D2      3D2      C0E        4       0
                text52                             1EDC     1EDC      3A6        4       0
                text51                             6CD6     6CD6       24     3609       0
                text50                             50D2     50D2      114        4       0
                text49                             6E28     6E28       14     3609       0
                text48                             6BBE     6BBE       2A        4       0
                text47                             5D54     5D54       90        4       0
                text46                             6C8A     6C8A       26     3609       0
                text45                             6784     6784       50        4       0
                text44                             6DFE     6DFE       16     3609       0
                text43                             6A0E     6A0E       34        4       0
                text42                             2282     2282      34E        4       0
                text41                             160E     160E      4FE        4       0
                text40                             6732     6732       52        4       0
                text39                             3536     3536      288        4       0
                text38                             6EC8     6EC8        2     3609       0
                text37                             5EF8     5EF8       84        4       0
                text36                             2C1A     2C1A      318        4       0
                text35                             5DE4     5DE4       8A        4       0
                text34                             6CFA     6CFA       22     3609       0
                text33                             323C     323C      2FA        4       0
                text32                             51E6     51E6      112        4       0
                text31                             4B1C     4B1C      12E        4       0
                text30                             6DE8     6DE8       16     3609       0
                text29                              FE0      FE0      62E        4       0
                text28                             6178     6178       76        4       0
                text27                             37BE     37BE      27E        4       0
                text26                             53F6     53F6       FA        4       0
                text25                             5A02     5A02       B6        4       0
                text24                             63B2     63B2       6E        4       0
                text23                             54F0     54F0       F6        4       0
                text22                             6D98     6D98       1C     3609       0
                text21                             6262     6262       72        4       0
                text20                             28F8     28F8      322        4       0
                text19                             6B68     6B68       2C        4       0
                text18                             3CA6     3CA6      232        4       0
                text17                             6344     6344       6E        4       0
                text16                             4C4A     4C4A      12A        4       0
                text15                             6D1C     6D1C       20     3609       0
                text14                             6E14     6E14       14     3609       0
                text13                             648E     648E       6A        4       0
                text12                             66E0     66E0       52        4       0
                text11                             69DA     69DA       34        4       0
                text10                             49E6     49E6      136        4       0
                text9                              4778     4778      138        4       0
                text8                              43B0     43B0      150        4       0
                text7                              4640     4640      138        4       0
                text6                              6C12     6C12       28     3609       0
                text5                              6B94     6B94       2A        4       0
                text4                              62D4     62D4       70        4       0
                text3                              60FE     60FE       7A        4       0
                text2                              61EE     61EE       74        4       0
                text1                              48B0     48B0      136        4       0
                text0                              681C     681C       46        4       0
                cstackCOMRAM                          1        1       46        1       1
                cstackBANK0                          60       60       6F       60       1
                cstackBANK1                         1E1      1E1        8      100       1
                cstackBANK2                         200      200       32      200       1
                bssBIGRAM                           25E      25E      400      25E       1
                dataBANK2                           232      232       2C      200       1
                dataBANK1                           1B8      1B8       29      100       1
                bssBANK1                            100      100       B8      100       1
                dataBANK0                            FA       FA        4       60       1
                bssBANK0                             CF       CF       2B       60       1
                bssCOMRAM                            47       47        C        1       1
                cinit                              5C16     5C16       A6        4       0
                idataBANK2                         6B3C     6B3C       2C        4       0
                idataBANK1                         6BE8     6BE8       29        4       0
                idataBANK0                         6EC4     6EC4        4     3609       0

TOTAL           Name                               Link     Load   Length     Space
        CLASS   CODE           
                intcode                               8        8      3C6         0
                init                                3CE      3CE        4         0
                reset_vec                             0        0        6         0
                text114                            6EAA     6EAA        A         0
                text113                            6E9E     6E9E        C         0
                text112                            68EC     68EC       44         0
                text111                            6E92     6E92        C         0
                text110                            68A8     68A8       44         0
                text109                            6562     6562       68         0
                text108                            668A     668A       56         0
                text107                            6E86     6E86        C         0
                text106                            6E7A     6E7A        C         0
                text105                            69A2     69A2       38         0
                text104                            6862     6862       46         0
                text103                            6ADC     6ADC       32         0
                text102                            6E6E     6E6E        C         0
                text101                            5B6E     5B6E       A8         0
                text100                            6DD0     6DD0       18         0
                text99                             56DA     56DA       D4         0
                text98                             6E5E     6E5E       10         0
                text97                             4FBC     4FBC      116         0
                text96                             6930     6930       3A         0
                text95                             587E     587E       CA         0
                text94                             6E3C     6E3C       12         0
                text93                             6E4E     6E4E       10         0
                text92                             6EBC     6EBC        8         0
                text91                             6EB4     6EB4        8         0
                text90                             6D3C     6D3C       20         0
                text89                             6C62     6C62       28         0
                text88                             4092     4092      1A2         0
                text87                             4234     4234      17C         0
                text86                             3ED8     3ED8      1BA         0
                text85                             6080     6080       7E         0
                text84                             5CBC     5CBC       98         0
                text83                             4D74     4D74      128         0
                text82                             6A76     6A76       34         0
                text81                             6A42     6A42       34         0
                text80                             6D7A     6D7A       1E         0
                text79                             64F8     64F8       6A         0
                text78                             6D5C     6D5C       1E         0
                text77                             4E9C     4E9C      120         0
                text76                             5AB8     5AB8       B6         0
                text75                             6630     6630       5A         0
                text74                             6AAA     6AAA       32         0
                text73                             5E6E     5E6E       8A         0
                text72                             57AE     57AE       D0         0
                text71                             6B0E     6B0E       2E         0
                text70                             2F32     2F32      30A         0
                text69                             67D4     67D4       48         0
                text68                             5948     5948       BA         0
                text67                             5FFE     5FFE       82         0
                text66                             65CA     65CA       66         0
                text65                             6CB0     6CB0       26         0
                text64                             4500     4500      140         0
                text63                             55E6     55E6       F4         0
                text62                             52F8     52F8       FE         0
                text61                             25D0     25D0      328         0
                text60                             696A     696A       38         0
                text59                             6C3A     6C3A       28         0
                text58                             3A3C     3A3C      26A         0
                text57                             6DB4     6DB4       1C         0
                text56                             5F7C     5F7C       82         0
                text55                             6420     6420       6E         0
                text54                             1B0C     1B0C      3D0         0
                text53                              3D2      3D2      C0E         0
                text52                             1EDC     1EDC      3A6         0
                text51                             6CD6     6CD6       24         0
                text50                             50D2     50D2      114         0
                text49                             6E28     6E28       14         0
                text48                             6BBE     6BBE       2A         0
                text47                             5D54     5D54       90         0
                text46                             6C8A     6C8A       26         0
                text45                             6784     6784       50         0
                text44                             6DFE     6DFE       16         0
                text43                             6A0E     6A0E       34         0
                text42                             2282     2282      34E         0
                text41                             160E     160E      4FE         0
                text40                             6732     6732       52         0
                text39                             3536     3536      288         0
                text38                             6EC8     6EC8        2         0
                text37                             5EF8     5EF8       84         0
                text36                             2C1A     2C1A      318         0
                text35                             5DE4     5DE4       8A         0
                text34                             6CFA     6CFA       22         0
                text33                             323C     323C      2FA         0
                text32                             51E6     51E6      112         0
                text31                             4B1C     4B1C      12E         0
                text30                             6DE8     6DE8       16         0
                text29                              FE0      FE0      62E         0
                text28                             6178     6178       76         0
                text27                             37BE     37BE      27E         0
                text26                             53F6     53F6       FA         0
                text25                             5A02     5A02       B6         0
                text24                             63B2     63B2       6E         0
                text23                             54F0     54F0       F6         0
                text22                             6D98     6D98       1C         0
                text21                             6262     6262       72         0
                text20                             28F8     28F8      322         0
                text19                             6B68     6B68       2C         0
                text18                             3CA6     3CA6      232         0
                text17                             6344     6344       6E         0
                text16                             4C4A     4C4A      12A         0
                text15                             6D1C     6D1C       20         0
                text14                             6E14     6E14       14         0
                text13                             648E     648E       6A         0
                text12                             66E0     66E0       52         0
                text11                             69DA     69DA       34         0
                text10                             49E6     49E6      136         0
                text9                              4778     4778      138         0
                text8                              43B0     43B0      150         0
                text7                              4640     4640      138         0
                text6                              6C12     6C12       28         0
                text5                              6B94     6B94       2A         0
                text4                              62D4     62D4       70         0
                text3                              60FE     60FE       7A         0
                text2                              61EE     61EE       74         0
                text1                              48B0     48B0      136         0
                text0                              681C     681C       46         0
                cinit                              5C16     5C16       A6         0
                idataBANK2                         6B3C     6B3C       2C         0
                idataBANK1                         6BE8     6BE8       29         0
                idataBANK0                         6EC4     6EC4        4         0

        CLASS   CONST          

        CLASS   SMALLCONST     

        CLASS   MEDIUMCONST    
                mediumconst                        9192     9192     6E6E         0

        CLASS   COMRAM         
                temp                                 53       53        1         1
                cstackCOMRAM                          1        1       46         1
                bssCOMRAM                            47       47        C         1

        CLASS   ABS1           

        CLASS   BIGRAM         
                bssBIGRAM                           25E      25E      400         1

        CLASS   RAM            

        CLASS   BANK0          
                cstackBANK0                          60       60       6F         1
                dataBANK0                            FA       FA        4         1
                bssBANK0                             CF       CF       2B         1

        CLASS   BANK1          
                cstackBANK1                         1E1      1E1        8         1
                dataBANK1                           1B8      1B8       29         1
                bssBANK1                            100      100       B8         1

        CLASS   BANK2          
                cstackBANK2                         200      200       32         1
                dataBANK2                           232      232       2C         1

        CLASS   BANK3          

        CLASS   BANK4          

        CLASS   BANK5          

        CLASS   BANK6          

        CLASS   BANK7          

        CLASS   BANK8          

        CLASS   BANK9          

        CLASS   BANK10         

        CLASS   BANK11         

        CLASS   BANK12         

        CLASS   BANK13         

        CLASS   BANK14         

        CLASS   BANK15         

        CLASS   SFR            

        CLASS   BIGSFR         

        CLASS   CONFIG         
                config                           300000   300000        E         4

        CLASS   IDLOC          
                idloc                            200000   200000        8         5

        CLASS   EEDATA         

        CLASS   FARRAM         

        CLASS   HEAP           

        CLASS   STACK          



SEGMENTS        Name                           Load    Length   Top    Selector   Space  Class

                reset_vec                      000000  000006  000006         0       0  CODE    
                cstackCOMRAM                   000001  000053  000054         1       1  COMRAM  
                intcode                        000008  006C09  006C11         4       0  CODE    
                cstackBANK0                    000060  00009E  0000FE        60       1  BANK0   
                bssBANK1                       000100  0000E9  0001E9       100       1  BANK1   
                cstackBANK2                    000200  00005E  00025E       200       1  BANK2   
                bssBIGRAM                      00025E  000400  00065E       25E       1  BIGRAM  
                text6                          006C12  0002B8  006ECA      3609       0  CODE    
                mediumconst                    009192  006E6E  010000      48C9       0  MEDIUMCO


UNUSED ADDRESS RANGES

        Name                Unused          Largest block    Delta
        BANK0            0000FE-0000FF                2
        BANK1            0001E9-0001FF               17
        BANK10           000A00-000AFF              100
        BANK11           000B00-000BFF              100
        BANK12           000C00-000CFF              100
        BANK13           000D00-000DFF              100
        BANK14           000E00-000EFF              100
        BANK15           000F00-000F37               38
        BANK6            00065E-0006FF               A2
        BANK7            000700-0007FF              100
        BANK8            000800-0008FF              100
        BANK9            000900-0009FF              100
        BIGRAM           000054-00005F                C
                         0000FE-0000FF                2
                         0001E9-0001FF               17
                         00065E-000F37              8DA
        BIGSFR           000F38-000FFC               C5
        CODE             000006-000007                2
                         006C11-006C11                1
                         006ECA-009191             22C8
        COMRAM           000054-00005F                C
        CONST            000006-000007                2
                         006C11-006C11                1
                         006ECA-009191             22C8
        EEDATA           F00000-F003FF              400
        MEDIUMCONST      006C11-006C11                1
                         006ECA-009191             22C8
        RAM              0000FE-0000FF                2
                         0001E9-0001FF               17
                         00065E-000F37              100
        SFR              000F38-000FFC               28
        SMALLCONST       006C11-006C11                1
                         006ECA-009191              100

                                  Symbol Table

?_ConvertVolumeToDB                   cstackBANK0  00006D
?_EEPROM_Read16                       cstackCOMRAM 00000E
?___awdiv                             cstackCOMRAM 000013
?___awmod                             cstackCOMRAM 00000D
?___fladd                             cstackBANK0  000060
?___fldiv                             cstackCOMRAM 000034
?___flmul                             cstackCOMRAM 00001B
?___flneg                             cstackCOMRAM 00000D
?___flsub                             cstackBANK0  00006C
?___fltol                             cstackCOMRAM 00003D
?___lldiv                             cstackCOMRAM 00000D
?___llmod                             cstackCOMRAM 00001A
?___lwdiv                             cstackCOMRAM 00000D
?___wmul                              cstackCOMRAM 00000D
?___xxtofl                            cstackCOMRAM 00000D
?__div_to_l_                          cstackCOMRAM 00000D
?__tdiv_to_l_                         cstackCOMRAM 00000D
?_detectStatePTT                      cstackCOMRAM 000012
?_fround                              cstackCOMRAM 000034
?_readADC                             cstackCOMRAM 00000D
?_scale                               cstackCOMRAM 000034
?_sprintf                             cstackBANK0  000074
?_strlen                              cstackCOMRAM 00000D
Calculate_Checksum@address            cstackCOMRAM 00000F
Calculate_Checksum@command            cstackCOMRAM 00000D
Calculate_Checksum@data               cstackCOMRAM 00000E
ConvertVolumeToDB@dbValue             cstackBANK0  000077
ConvertVolumeToDB@normalizedValue     cstackBANK0  000072
ConvertVolumeToDB@volume              cstackBANK0  000076
Display_Picture@i                     cstackCOMRAM 000019
Display_Picture@j                     cstackCOMRAM 000018
Display_Picture@pic                   cstackCOMRAM 000012
EEPROM_Read16@addr                    cstackCOMRAM 000015
EEPROM_Read16@val                     cstackCOMRAM 000013
EEPROM_Read@address                   cstackCOMRAM 00000D
EEPROM_Write16@addr                   cstackCOMRAM 000011
EEPROM_Write16@value                  cstackCOMRAM 00000F
EEPROM_Write@address                  cstackCOMRAM 00000E
EEPROM_Write@data                     cstackCOMRAM 00000D
Handle_Command@command                cstackCOMRAM 00000D
Handle_Command@data                   cstackCOMRAM 00000E
I2CSend@dat                           cstackCOMRAM 00000E
JQ8900_SendCommand@cmd_type           cstackCOMRAM 00000F
JQ8900_SendCommand@crc                cstackCOMRAM 000010
JQ8900_SendCommand@data               cstackCOMRAM 00000E
JQ8900_SendCommand@data_length        cstackCOMRAM 00000D
JQ8900_SendCommand@i                  cstackCOMRAM 000012
JQ8900_SendCommand@i_6889             cstackCOMRAM 000011
JQ8900_SendCommand@packet_length      cstackCOMRAM 000013
LCDInit@F6460                         mediumconst  00C947
LCDInit@i                             cstackCOMRAM 000023
LCDInit@initCommands                  cstackCOMRAM 000016
LCD_Command@command                   cstackCOMRAM 00000E
LCD_Command@i                         cstackCOMRAM 00000F
LCD_Data@data                         cstackCOMRAM 00000E
LCD_Data@i                            cstackCOMRAM 00000F
MCP4561_Write@address                 cstackCOMRAM 000011
MCP4561_Write@data                    cstackCOMRAM 000010
MCP4561_Write@reg                     cstackCOMRAM 00000F
RS485_Send@address                    cstackCOMRAM 000014
RS485_Send@checksum                   cstackCOMRAM 000013
RS485_Send@command                    cstackCOMRAM 000010
RS485_Send@data                       cstackCOMRAM 000011
RS485_Send_Response@address           cstackCOMRAM 000013
RS485_Send_Response@checksum          cstackCOMRAM 000012
RS485_Send_Response@response_data     cstackCOMRAM 000010
RS485_Slave_Task@address              cstackCOMRAM 000016
RS485_Slave_Task@checksum             cstackCOMRAM 000015
RS485_Slave_Task@command              cstackCOMRAM 000017
RS485_Slave_Task@data                 cstackCOMRAM 000018
RS485_Slave_Task@start_byte           cstackCOMRAM 000014
SendShiftData595@data                 cstackCOMRAM 00000D
SendShiftData595@i                    cstackCOMRAM 000010
SetWiperValue@potAddress              cstackCOMRAM 000014
SetWiperValue@reg                     cstackCOMRAM 000015
SetWiperValue@value                   cstackCOMRAM 000013
SetWiperValue@wiperNumber             cstackCOMRAM 000012
UART1_Write@data                      cstackCOMRAM 00000D
_ADCON0bits                           (abs)        000FC2
_ADCON1bits                           (abs)        000FC1
_ADCON2bits                           (abs)        000FC0
_ADC_init                             text15       006D1C
_ADRESH                               (abs)        000FC4
_ADRESL                               (abs)        000FC3
_ANSELAbits                           (abs)        000F38
_ANSELB                               (abs)        000F39
_ANSELCbits                           (abs)        000F3A
_ANSELD                               (abs)        000F3B
_ANSELE                               (abs)        000F3C
_BAUDCON1bits                         (abs)        000FB8
_BAUDCON2bits                         (abs)        000F70
_CM1CON0                              (abs)        000F79
_CM2CON0                              (abs)        000F78
_Calculate_Checksum                   text114      006EAA
_ConvertVolumeToDB                    text31       004B1C
_Display_Picture                      text45       006784
_EEADR                                (abs)        000FA9
_EECON1bits                           (abs)        000FA6
_EECON2                               (abs)        000FA7
_EEDATA                               (abs)        000FA8
_EEPROM_Read                          text49       006E28
_EEPROM_Read16                        text11       0069DA
_EEPROM_Write                         text48       006BBE
_EEPROM_Write16                       text22       006D98
_Handle_Command                       text111      006E92
_I2CInit                              text14       006E14
_I2CSend                              text93       006E4E
_I2CStart                             text92       006EBC
_I2CStop                              text91       006EB4
_I2CWait                              text94       006E3C
_INTCONbits                           (abs)        000FF2
_JQ8900_SendCommand                   text101      005B6E
_LATBbits                             (abs)        000F8A
_LCDInit                              text13       00648E
_LCD_Command                          text81       006A42
_LCD_Data                             text82       006A76
_LoadConfigData                       text9        004778
_MCP4561_Write                        text90       006D3C
_Malfunction_HE_34                    mediumconst  00F8F0
_Mic1_adcValue                        bssBANK1     000150
_Mic2_adcValue                        bssBANK1     00014E
_OSCCON                               (abs)        000FD3
_PIE1bits                             (abs)        000F9D
_PIE3bits                             (abs)        000FA3
_PIE5bits                             (abs)        000F7D
_PIR1bits                             (abs)        000F9E
_PIR3bits                             (abs)        000FA4
_PIR5bits                             (abs)        000F7E
_PORTA                                (abs)        000F80
_PORTAbits                            (abs)        000F80
_PORTB                                (abs)        000F81
_PORTBbits                            (abs)        000F81
_PORTC                                (abs)        000F82
_PORTCbits                            (abs)        000F82
_PORTD                                (abs)        000F83
_PORTDbits                            (abs)        000F83
_PORTE                                (abs)        000F84
_PORTEbits                            (abs)        000F84
_PTT2                                 bssBANK1     00014A
_PTT_3                                text107      006E86
_PTT_4                                text106      006E7A
_RCREG1                               (abs)        000FAE
_RCSTA1bits                           (abs)        000FAB
_RCSTA2bits                           (abs)        000F71
_RS485_Master_Task                    text108      00668A
_RS485_Send                           text112      0068EC
_RS485_Send_Response                  text110      0068A8
_RS485_Slave_Task                     text109      006562
_SPBRG1                               (abs)        000FAF
_SPBRG2                               (abs)        000F75
_SPBRGH1                              (abs)        000FB0
_SPBRGH2                              (abs)        000F76
_SSP1ADD                              (abs)        000FC8
_SSP1BUF                              (abs)        000FC9
_SSP1CON1                             (abs)        000FC6
_SSP1CON1bits                         (abs)        000FC6
_SSP1CON2                             (abs)        000FC5
_SSP1CON2bits                         (abs)        000FC5
_SSP1CON3                             (abs)        000FCB
_SSP1STAT                             (abs)        000FC7
_SSP1STATbits                         (abs)        000FC7
_SendShiftData595                     text105      0069A2
_SetWiperValue                        text89       006C62
_T0CONbits                            (abs)        000FD5
_T5CONbits                            (abs)        000F4E
_TMR0                                 (abs)        000FD6
_TMR5H                                (abs)        000F50
_TMR5L                                (abs)        000F4F
_TRISA                                (abs)        000F92
_TRISB                                (abs)        000F93
_TRISC                                (abs)        000F94
_TRISCbits                            (abs)        000F94
_TRISD                                (abs)        000F95
_TRISE                                (abs)        000F96
_TXREG1                               (abs)        000FAD
_TXREG2                               (abs)        000F73
_TXSTA1bits                           (abs)        000FAC
_TXSTA2bits                           (abs)        000F72
_TXSTAbits                            (abs)        000FAC
_UART1_Write                          text113      006E9E
_WPUB                                 (abs)        000F61
__HRAM                                (abs)        000000
__H__absolute__                       __absolute__ 000000
__Habs1                               abs1         000000
__Hbank0                              bank0        000000
__Hbank1                              bank1        000000
__Hbank10                             bank10       000000
__Hbank11                             bank11       000000
__Hbank12                             bank12       000000
__Hbank13                             bank13       000000
__Hbank14                             bank14       000000
__Hbank15                             bank15       000000
__Hbank2                              bank2        000000
__Hbank3                              bank3        000000
__Hbank4                              bank4        000000
__Hbank5                              bank5        000000
__Hbank6                              bank6        000000
__Hbank7                              bank7        000000
__Hbank8                              bank8        000000
__Hbank9                              bank9        000000
__Hbigbss                             bigbss       000000
__Hbigdata                            bigdata      000000
__Hbigram                             bigram       000000
__Hbigsfr                             bigsfr       000000
__Hbss                                bss          000000
__HbssBANK0                           bssBANK0     000000
__HbssBANK1                           bssBANK1     000000
__HbssBIGRAM                          bssBIGRAM    000000
__HbssCOMRAM                          bssCOMRAM    000000
__Hcinit                              cinit        000000
__Hclrtext                            clrtext      000000
__Hcomram                             comram       000000
__Hconfig                             config       30000E
__Hconst                              const        000000
__HcstackBANK0                        cstackBANK0  000000
__HcstackBANK1                        cstackBANK1  000000
__HcstackBANK2                        cstackBANK2  000000
__HcstackCOMRAM                       cstackCOMRAM 000000
__Hdata                               data         000000
__HdataBANK0                          dataBANK0    000000
__HdataBANK1                          dataBANK1    000000
__HdataBANK2                          dataBANK2    000000
__Heeprom_data                        eeprom_data  000000
__Hfarbss                             farbss       000000
__Hfardata                            fardata      000000
__Hheap                               heap         000000
__Hibigdata                           ibigdata     000000
__Hidata                              idata        000000
__HidataBANK0                         idataBANK0   000000
__HidataBANK1                         idataBANK1   000000
__HidataBANK2                         idataBANK2   000000
__Hidloc                              idloc        200008
__Hifardata                           ifardata     000000
__Hinit                               init         0003D2
__Hintcode                            intcode      0003CE
__Hintcode_body                       intcode_body 000000
__Hintcodelo                          intcodelo    0003CE
__Hintentry                           intentry     000000
__Hintret                             intret       000000
__Hintsave_regs                       intsave_regs 000000
__Hirdata                             irdata       000000
__Hmediumconst                        mediumconst  010000
__HnvFARRAM                           nvFARRAM     000000
__Hnvbit                              nvbit        000000
__Hnvrram                             nvrram       000000
__Hparam                              rparam       000000
__Hpowerup                            powerup      0003CE
__Hram                                ram          000000
__Hramtop                             ramtop       001000
__Hrbit                               rbit         000000
__Hrbss                               rbss         000000
__Hrdata                              rdata        000000
__Hreset_vec                          reset_vec    000006
__Hrparam                             rparam       000000
__Hsfr                                sfr          000000
__Hsivt_hi                            sivt_hi      000000
__Hsivt_lo                            sivt_lo      000000
__Hsmallconst                         smallconst   000000
__Hspace_0                            (abs)        010000
__Hspace_1                            (abs)        00065E
__Hspace_2                            (abs)        000000
__Hspace_4                            (abs)        60000E
__Hstack                              stack        000000
__Hstruct                             struct       000000
__Htemp                               temp         000054
__Htext                               text         000000
__Htext0                              text0        000000
__Htext1                              text1        000000
__Htext10                             text10       000000
__Htext100                            text100      000000
__Htext101                            text101      000000
__Htext102                            text102      000000
__Htext103                            text103      000000
__Htext104                            text104      000000
__Htext105                            text105      000000
__Htext106                            text106      000000
__Htext107                            text107      000000
__Htext108                            text108      000000
__Htext109                            text109      000000
__Htext11                             text11       000000
__Htext110                            text110      000000
__Htext111                            text111      000000
__Htext112                            text112      000000
__Htext113                            text113      000000
__Htext114                            text114      000000
__Htext12                             text12       000000
__Htext13                             text13       000000
__Htext14                             text14       000000
__Htext15                             text15       000000
__Htext16                             text16       000000
__Htext17                             text17       000000
__Htext18                             text18       000000
__Htext19                             text19       000000
__Htext2                              text2        000000
__Htext20                             text20       000000
__Htext21                             text21       000000
__Htext22                             text22       000000
__Htext23                             text23       000000
__Htext24                             text24       000000
__Htext25                             text25       000000
__Htext26                             text26       000000
__Htext27                             text27       000000
__Htext28                             text28       000000
__Htext29                             text29       000000
__Htext3                              text3        000000
__Htext30                             text30       000000
__Htext31                             text31       000000
__Htext32                             text32       000000
__Htext33                             text33       000000
__Htext34                             text34       000000
__Htext35                             text35       000000
__Htext36                             text36       000000
__Htext37                             text37       000000
__Htext38                             text38       000000
__Htext39                             text39       000000
__Htext4                              text4        000000
__Htext40                             text40       000000
__Htext41                             text41       000000
__Htext42                             text42       000000
__Htext43                             text43       000000
__Htext44                             text44       000000
__Htext45                             text45       000000
__Htext46                             text46       000000
__Htext47                             text47       000000
__Htext48                             text48       000000
__Htext49                             text49       000000
__Htext5                              text5        000000
__Htext50                             text50       000000
__Htext51                             text51       000000
__Htext52                             text52       000000
__Htext53                             text53       000000
__Htext54                             text54       000000
__Htext55                             text55       000000
__Htext56                             text56       000000
__Htext57                             text57       000000
__Htext58                             text58       000000
__Htext59                             text59       000000
__Htext6                              text6        000000
__Htext60                             text60       000000
__Htext61                             text61       000000
__Htext62                             text62       000000
__Htext63                             text63       000000
__Htext64                             text64       000000
__Htext65                             text65       000000
__Htext66                             text66       000000
__Htext67                             text67       000000
__Htext68                             text68       000000
__Htext69                             text69       000000
__Htext7                              text7        000000
__Htext70                             text70       000000
__Htext71                             text71       000000
__Htext72                             text72       000000
__Htext73                             text73       000000
__Htext74                             text74       000000
__Htext75                             text75       000000
__Htext76                             text76       000000
__Htext77                             text77       000000
__Htext78                             text78       000000
__Htext79                             text79       000000
__Htext8                              text8        000000
__Htext80                             text80       000000
__Htext81                             text81       000000
__Htext82                             text82       000000
__Htext83                             text83       000000
__Htext84                             text84       000000
__Htext85                             text85       000000
__Htext86                             text86       000000
__Htext87                             text87       000000
__Htext88                             text88       000000
__Htext89                             text89       000000
__Htext9                              text9        000000
__Htext90                             text90       000000
__Htext91                             text91       000000
__Htext92                             text92       000000
__Htext93                             text93       000000
__Htext94                             text94       000000
__Htext95                             text95       000000
__Htext96                             text96       000000
__Htext97                             text97       000000
__Htext98                             text98       000000
__Htext99                             text99       000000
__LRAM                                (abs)        000001
__L__absolute__                       __absolute__ 000000
__Labs1                               abs1         000000
__Lbank0                              bank0        000000
__Lbank1                              bank1        000000
__Lbank10                             bank10       000000
__Lbank11                             bank11       000000
__Lbank12                             bank12       000000
__Lbank13                             bank13       000000
__Lbank14                             bank14       000000
__Lbank15                             bank15       000000
__Lbank2                              bank2        000000
__Lbank3                              bank3        000000
__Lbank4                              bank4        000000
__Lbank5                              bank5        000000
__Lbank6                              bank6        000000
__Lbank7                              bank7        000000
__Lbank8                              bank8        000000
__Lbank9                              bank9        000000
__Lbigbss                             bigbss       000000
__Lbigdata                            bigdata      000000
__Lbigram                             bigram       000000
__Lbigsfr                             bigsfr       000000
__Lbss                                bss          000000
__LbssBANK0                           bssBANK0     000000
__LbssBANK1                           bssBANK1     000000
__LbssBIGRAM                          bssBIGRAM    000000
__LbssCOMRAM                          bssCOMRAM    000000
__Lcinit                              cinit        000000
__Lclrtext                            clrtext      000000
__Lcomram                             comram       000000
__Lconfig                             config       000000
__Lconst                              const        000000
__LcstackBANK0                        cstackBANK0  000000
__LcstackBANK1                        cstackBANK1  000000
__LcstackBANK2                        cstackBANK2  000000
__LcstackCOMRAM                       cstackCOMRAM 000000
__Ldata                               data         000000
__LdataBANK0                          dataBANK0    000000
__LdataBANK1                          dataBANK1    000000
__LdataBANK2                          dataBANK2    000000
__Leeprom_data                        eeprom_data  000000
__Lfarbss                             farbss       000000
__Lfardata                            fardata      000000
__Lheap                               heap         000000
__Libigdata                           ibigdata     000000
__Lidata                              idata        000000
__LidataBANK0                         idataBANK0   000000
__LidataBANK1                         idataBANK1   000000
__LidataBANK2                         idataBANK2   000000
__Lidloc                              idloc        000000
__Lifardata                           ifardata     000000
__Linit                               init         0003CE
__Lintcode                            intcode      000008
__Lintcode_body                       intcode_body 000000
__Lintcodelo                          intcodelo    0003CE
__Lintentry                           intentry     000000
__Lintret                             intret       000000
__Lintsave_regs                       intsave_regs 000000
__Lirdata                             irdata       000000
__Lmediumconst                        mediumconst  009192
__LnvFARRAM                           nvFARRAM     000000
__Lnvbit                              nvbit        000000
__Lnvrram                             nvrram       000000
__Lparam                              rparam       000000
__Lpowerup                            powerup      0003CE
__Lram                                ram          000000
__Lramtop                             ramtop       001000
__Lrbit                               rbit         000000
__Lrbss                               rbss         000000
__Lrdata                              rdata        000000
__Lreset_vec                          reset_vec    000000
__Lrparam                             rparam       000000
__Lsfr                                sfr          000000
__Lsivt_hi                            sivt_hi      000000
__Lsivt_lo                            sivt_lo      000000
__Lsmallconst                         smallconst   000000
__Lspace_0                            (abs)        000000
__Lspace_1                            (abs)        000000
__Lspace_2                            (abs)        000000
__Lspace_4                            (abs)        000000
__Lstack                              stack        000000
__Lstruct                             struct       000000
__Ltemp                               temp         000053
__Ltext                               text         000000
__Ltext0                              text0        000000
__Ltext1                              text1        000000
__Ltext10                             text10       000000
__Ltext100                            text100      000000
__Ltext101                            text101      000000
__Ltext102                            text102      000000
__Ltext103                            text103      000000
__Ltext104                            text104      000000
__Ltext105                            text105      000000
__Ltext106                            text106      000000
__Ltext107                            text107      000000
__Ltext108                            text108      000000
__Ltext109                            text109      000000
__Ltext11                             text11       000000
__Ltext110                            text110      000000
__Ltext111                            text111      000000
__Ltext112                            text112      000000
__Ltext113                            text113      000000
__Ltext114                            text114      000000
__Ltext12                             text12       000000
__Ltext13                             text13       000000
__Ltext14                             text14       000000
__Ltext15                             text15       000000
__Ltext16                             text16       000000
__Ltext17                             text17       000000
__Ltext18                             text18       000000
__Ltext19                             text19       000000
__Ltext2                              text2        000000
__Ltext20                             text20       000000
__Ltext21                             text21       000000
__Ltext22                             text22       000000
__Ltext23                             text23       000000
__Ltext24                             text24       000000
__Ltext25                             text25       000000
__Ltext26                             text26       000000
__Ltext27                             text27       000000
__Ltext28                             text28       000000
__Ltext29                             text29       000000
__Ltext3                              text3        000000
__Ltext30                             text30       000000
__Ltext31                             text31       000000
__Ltext32                             text32       000000
__Ltext33                             text33       000000
__Ltext34                             text34       000000
__Ltext35                             text35       000000
__Ltext36                             text36       000000
__Ltext37                             text37       000000
__Ltext38                             text38       000000
__Ltext39                             text39       000000
__Ltext4                              text4        000000
__Ltext40                             text40       000000
__Ltext41                             text41       000000
__Ltext42                             text42       000000
__Ltext43                             text43       000000
__Ltext44                             text44       000000
__Ltext45                             text45       000000
__Ltext46                             text46       000000
__Ltext47                             text47       000000
__Ltext48                             text48       000000
__Ltext49                             text49       000000
__Ltext5                              text5        000000
__Ltext50                             text50       000000
__Ltext51                             text51       000000
__Ltext52                             text52       000000
__Ltext53                             text53       000000
__Ltext54                             text54       000000
__Ltext55                             text55       000000
__Ltext56                             text56       000000
__Ltext57                             text57       000000
__Ltext58                             text58       000000
__Ltext59                             text59       000000
__Ltext6                              text6        000000
__Ltext60                             text60       000000
__Ltext61                             text61       000000
__Ltext62                             text62       000000
__Ltext63                             text63       000000
__Ltext64                             text64       000000
__Ltext65                             text65       000000
__Ltext66                             text66       000000
__Ltext67                             text67       000000
__Ltext68                             text68       000000
__Ltext69                             text69       000000
__Ltext7                              text7        000000
__Ltext70                             text70       000000
__Ltext71                             text71       000000
__Ltext72                             text72       000000
__Ltext73                             text73       000000
__Ltext74                             text74       000000
__Ltext75                             text75       000000
__Ltext76                             text76       000000
__Ltext77                             text77       000000
__Ltext78                             text78       000000
__Ltext79                             text79       000000
__Ltext8                              text8        000000
__Ltext80                             text80       000000
__Ltext81                             text81       000000
__Ltext82                             text82       000000
__Ltext83                             text83       000000
__Ltext84                             text84       000000
__Ltext85                             text85       000000
__Ltext86                             text86       000000
__Ltext87                             text87       000000
__Ltext88                             text88       000000
__Ltext89                             text89       000000
__Ltext9                              text9        000000
__Ltext90                             text90       000000
__Ltext91                             text91       000000
__Ltext92                             text92       000000
__Ltext93                             text93       000000
__Ltext94                             text94       000000
__Ltext95                             text95       000000
__Ltext96                             text96       000000
__Ltext97                             text97       000000
__Ltext98                             text98       000000
__Ltext99                             text99       000000
__PA__HE                              mediumconst  00F955
__S0                                  (abs)        010000
__S1                                  (abs)        00065E
__S4                                  (abs)        000000
__S5                                  (abs)        000000
___awdiv                              text56       005F7C
___awdiv@counter                      cstackCOMRAM 000017
___awdiv@dividend                     cstackCOMRAM 000013
___awdiv@divisor                      cstackCOMRAM 000015
___awdiv@quotient                     cstackCOMRAM 000019
___awdiv@sign                         cstackCOMRAM 000018
___awmod                              text55       006420
___awmod@counter                      cstackCOMRAM 000011
___awmod@dividend                     cstackCOMRAM 00000D
___awmod@divisor                      cstackCOMRAM 00000F
___awmod@sign                         cstackCOMRAM 000012
___fladd                              text70       002F32
___fladd@a                            cstackBANK0  000064
___fladd@aexp                         cstackBANK0  000069
___fladd@b                            cstackBANK0  000060
___fladd@bexp                         cstackBANK0  00006A
___fladd@grs                          cstackBANK0  00006B
___fladd@signs                        cstackBANK0  000068
___fldiv                              text39       003536
___fldiv@a                            cstackCOMRAM 000038
___fldiv@aexp                         cstackBANK0  00006C
___fldiv@b                            cstackCOMRAM 000034
___fldiv@bexp                         cstackBANK0  00006B
___fldiv@grs                          cstackBANK0  000067
___fldiv@new_exp                      cstackBANK0  000065
___fldiv@rem                          cstackBANK0  000060
___fldiv@sign                         cstackBANK0  000064
___fleq                               text73       005E6E
___fleq@ff1                           cstackCOMRAM 00000D
___fleq@ff2                           cstackCOMRAM 000011
___flge                               text72       0057AE
___flge@ff1                           cstackCOMRAM 00000D
___flge@ff2                           cstackCOMRAM 000011
___flmul                              text61       0025D0
___flmul@a                            cstackCOMRAM 00001F
___flmul@aexp                         cstackCOMRAM 000028
___flmul@b                            cstackCOMRAM 00001B
___flmul@bexp                         cstackCOMRAM 000029
___flmul@grs                          cstackCOMRAM 00002A
___flmul@prod                         cstackCOMRAM 00002E
___flmul@sign                         cstackCOMRAM 000027
___flmul@temp                         cstackCOMRAM 000032
___flneg                              text71       006B0E
___flneg@f1                           cstackCOMRAM 00000D
___flsub                              text69       0067D4
___flsub@a                            cstackBANK0  000070
___flsub@b                            cstackBANK0  00006C
___fltol                              text68       005948
___fltol@exp1                         cstackCOMRAM 000046
___fltol@f1                           cstackCOMRAM 00003D
___fltol@sign1                        cstackCOMRAM 000045
___heap_hi                            (abs)        000000
___heap_lo                            (abs)        000000
___inthi_sp                           stack        000000
___inthi_stack_hi                     stack        000000
___inthi_stack_lo                     stack        000000
___intlo_sp                           stack        000000
___intlo_stack_hi                     stack        000000
___intlo_stack_lo                     stack        000000
___lbdiv                              text60       00696A
___lbdiv@counter                      cstackCOMRAM 000013
___lbdiv@dividend                     cstackCOMRAM 000012
___lbdiv@divisor                      cstackCOMRAM 000011
___lbdiv@quotient                     cstackCOMRAM 000014
___lbmod                              text59       006C3A
___lbmod@counter                      cstackCOMRAM 00000F
___lbmod@dividend                     cstackCOMRAM 00000E
___lbmod@divisor                      cstackCOMRAM 00000D
___lbmod@rem                          cstackCOMRAM 000010
___lldiv                              text67       005FFE
___lldiv@counter                      cstackCOMRAM 000019
___lldiv@dividend                     cstackCOMRAM 00000D
___lldiv@divisor                      cstackCOMRAM 000011
___lldiv@quotient                     cstackCOMRAM 000015
___llmod                              text66       0065CA
___llmod@counter                      cstackCOMRAM 000022
___llmod@dividend                     cstackCOMRAM 00001A
___llmod@divisor                      cstackCOMRAM 00001E
___lwdiv                              text40       006732
___lwdiv@counter                      cstackCOMRAM 000011
___lwdiv@dividend                     cstackCOMRAM 00000D
___lwdiv@divisor                      cstackCOMRAM 00000F
___lwdiv@quotient                     cstackCOMRAM 000012
___param_bank                         (abs)        000000
___rparam_used                        (abs)        000001
___sp                                 stack        000000
___stack_hi                           stack        000000
___stack_lo                           stack        000000
___wmul                               text65       006CB0
___wmul@multiplicand                  cstackCOMRAM 00000F
___wmul@multiplier                    cstackCOMRAM 00000D
___wmul@product                       cstackCOMRAM 000011
___xxtofl                             text64       004500
___xxtofl@arg                         cstackCOMRAM 000017
___xxtofl@exp                         cstackCOMRAM 000016
___xxtofl@sign                        cstackCOMRAM 000015
___xxtofl@val                         cstackCOMRAM 00000D
__about                               text32       0051E6
__accesstop                           (abs)        000060
__activetblptr                        (abs)        000002
__all_mic_cut_104                     mediumconst  00C6A3
__audio_50                            mediumconst  00F6E3
__audio_70                            mediumconst  00F869
__audio_sett                          text29       000FE0
__audio_sett@_mgs_vol_backup          cstackBANK0  0000AC
__audio_sett@_mic1_vol_backup         cstackBANK0  0000AD
__audio_sett@_mic2_vol_backup         cstackBANK0  0000AE
__audio_sett@_mic3_vol_backup         cstackBANK0  0000AF
__audio_sett@mic1_db                  cstackBANK0  0000B0
__audio_sett@mic2_db                  cstackBANK0  0000A4
__audio_sett@mic3_db                  cstackBANK0  0000A8
__audio_sett@neg1                     cstackBANK0  0000B4
__audio_sett@neg2                     cstackBANK0  0000B5
__audio_sett@neg3                     cstackBANK0  0000B6
__audio_sett@neg4                     cstackBANK0  0000B7
__audio_sett@press_1                  cstackBANK0  0000B8
__audio_sett@x                        cstackBANK0  0000B9
__aux_mic1_19                         mediumconst  00C91F
__back                                mediumconst  00FD2A
__div_to_l_                           text63       0055E6
__div_to_l_@cntr                      cstackCOMRAM 000019
__div_to_l_@exp1                      cstackCOMRAM 00001A
__div_to_l_@f1                        cstackCOMRAM 00000D
__div_to_l_@f2                        cstackCOMRAM 000011
__div_to_l_@quot                      cstackCOMRAM 000015
__down                                mediumconst  00FD18
__end_ofLCDInit@F6460                 mediumconst  00C954
__end_of_ADC_init                     text15       006D3C
__end_of_Calculate_Checksum           text114      006EB4
__end_of_ConvertVolumeToDB            text31       004C4A
__end_of_Display_Picture              text45       0067D4
__end_of_EEPROM_Read                  text49       006E3C
__end_of_EEPROM_Read16                text11       006A0E
__end_of_EEPROM_Write                 text48       006BE8
__end_of_EEPROM_Write16               text22       006DB4
__end_of_Handle_Command               text111      006E9E
__end_of_I2CInit                      text14       006E28
__end_of_I2CSend                      text93       006E5E
__end_of_I2CStart                     text92       006EC4
__end_of_I2CStop                      text91       006EBC
__end_of_I2CWait                      text94       006E4E
__end_of_JQ8900_SendCommand           text101      005C16
__end_of_LCDInit                      text13       0064F8
__end_of_LCD_Command                  text81       006A76
__end_of_LCD_Data                     text82       006AAA
__end_of_LoadConfigData               text9        0048B0
__end_of_MCP4561_Write                text90       006D5C
__end_of_Malfunction_HE_34            mediumconst  00F923
__end_of_PTT_3                        text107      006E92
__end_of_PTT_4                        text106      006E86
__end_of_RS485_Master_Task            text108      0066E0
__end_of_RS485_Send                   text112      006930
__end_of_RS485_Send_Response          text110      0068EC
__end_of_RS485_Slave_Task             text109      0065CA
__end_of_SendShiftData595             text105      0069DA
__end_of_SetWiperValue                text89       006C8A
__end_of_UART1_Write                  text113      006EAA
__end_of__PA__HE                      mediumconst  00F986
__end_of___awdiv                      text56       005FFE
__end_of___awmod                      text55       00648E
__end_of___fladd                      text70       00323C
__end_of___fldiv                      text39       0037BE
__end_of___fleq                       text73       005EF8
__end_of___flge                       text72       00587E
__end_of___flmul                      text61       0028F8
__end_of___flneg                      text71       006B3C
__end_of___flsub                      text69       00681C
__end_of___fltol                      text68       005A02
__end_of___lbdiv                      text60       0069A2
__end_of___lbmod                      text59       006C62
__end_of___lldiv                      text67       006080
__end_of___llmod                      text66       006630
__end_of___lwdiv                      text40       006784
__end_of___wmul                       text65       006CD6
__end_of___xxtofl                     text64       004640
__end_of__about                       text32       0052F8
__end_of__all_mic_cut_104             mediumconst  00C70B
__end_of__audio_50                    mediumconst  00F733
__end_of__audio_70                    mediumconst  00F8AF
__end_of__audio_sett                  text29       00160E
__end_of__aux_mic1_19                 mediumconst  00C937
__end_of__back                        mediumconst  00FD33
__end_of__div_to_l_                   text63       0056DA
__end_of__down                        mediumconst  00FD21
__end_of__enter                       mediumconst  00C97C
__end_of__first_run_                  text7        004778
__end_of__initialization              cinit        005CAE
__end_of__left1_bit                   mediumconst  00C98F
__end_of__left1_port                  mediumconst  00C988
__end_of__left2_bit                   mediumconst  00C98E
__end_of__left2_port                  mediumconst  00C986
__end_of__logo_                       mediumconst  00F591
__end_of__m1_short_42                 mediumconst  00FB4B
__end_of__m2_short_42                 mediumconst  00FB21
__end_of__m3_cut_48                   mediumconst  00F9B6
__end_of__m3_short_42                 mediumconst  00FAF7
__end_of__main_7_HE                   mediumconst  00ED91
__end_of__mic1_cut_89                 mediumconst  00FA16
__end_of__mic2_cut_89                 mediumconst  00F9E6
__end_of__mic_menu_1_HE               mediumconst  00E991
__end_of__mic_menu_2_HE               mediumconst  00E591
__end_of__mic_menu_3_HE               mediumconst  00E191
__end_of__mic_off_HE                  mediumconst  00FC77
__end_of__mic_set_80                  mediumconst  00F6E3
__end_of__npowers_                    mediumconst  00C8AA
__end_of__powers_                     mediumconst  00C876
__end_of__resete_all                  text28       0061EE
__end_of__right1_bit                  mediumconst  00C991
__end_of__right1_port                 mediumconst  00C98C
__end_of__right2_bit                  mediumconst  00C990
__end_of__right2_port                 mediumconst  00C98A
__end_of__rs_485_HE                   mediumconst  00F823
__end_of__rs_comm_                    text27       003A3C
__end_of__sp1_Line_GND_HE             mediumconst  00F63F
__end_of__sp1_line_open_HE            mediumconst  00FAA0
__end_of__sp1_line_short_HE           mediumconst  00FA72
__end_of__sp2_Line_GND_HE             mediumconst  00F5E8
__end_of__sp2_line_open_HE            mediumconst  00FACD
__end_of__sp2_line_short_HE           mediumconst  00FA44
__end_of__tdiv_to_l_                  text62       0053F6
__end_of__up                          mediumconst  00FD2A
__end_of__zone_1_2_HE                 mediumconst  00FCD4
__end_of__zone_1_HE                   mediumconst  00FCB7
__end_of__zone_2_HE                   mediumconst  00FC97
__end_of_a_in_HE                      mediumconst  00C91F
__end_of_about__HE                    mediumconst  00F7D3
__end_of_ac_error_                    mediumconst  00F693
__end_of_action                       text103      006B0E
__end_of_adc_menu_MIC1                text20       002C1A
__end_of_adc_menu_SP1                 text38       006ECA
__end_of_adc_monitor                  text36       002F32
__end_of_addr_34                      mediumconst  00FBB7
__end_of_amp_error_                   mediumconst  00FB95
__end_of_bell_icon                    mediumconst  00C984
__end_of_date__HE                     mediumconst  00FCEF
__end_of_dc_error_                    mediumconst  00F8F0
__end_of_decreaseParamMax             text26       0054F0
__end_of_decreaseParamMin             text25       005AB8
__end_of_detectLineState              text84       005D54
__end_of_detectStatePTT               text95       005948
__end_of_digits_8x16                  mediumconst  00C6A3
__end_of_digits_8x16@LCD_ST7565$F1604 mediumconst  00C523
__end_of_digits_8x16@LCD_ST7565$F1978 mediumconst  00C3A3
__end_of_digits_8x16@LCD_ST7565$F2295 mediumconst  00C223
__end_of_digits_8x16@LCD_ST7565$F2721 mediumconst  00C0A3
__end_of_digits_8x16@LCD_ST7565$F3078 mediumconst  00BF23
__end_of_digits_8x16@LCD_ST7565$F3726 mediumconst  00BDA3
__end_of_digits_8x16@LCD_ST7565$F4197 mediumconst  00BC23
__end_of_digits_8x16@LCD_ST7565$F4694 mediumconst  00BAA3
__end_of_digits_8x16@LCD_ST7565$F5414 mediumconst  00B923
__end_of_digits_8x16@LCD_ST7565$F5861 mediumconst  00B7A3
__end_of_digits_8x16@LCD_ST7565$F6427 mediumconst  00B623
__end_of_digits_8x16@LCD_ST7565$F6812 mediumconst  00B4A3
__end_of_digits_8x16@LCD_ST7565$F7203 mediumconst  00B323
__end_of_digits_8x16@LCD_ST7565$F7447 mediumconst  00B1A3
__end_of_digits_8x16@LCD_ST7565$F7700 mediumconst  00B023
__end_of_display_digit                text8        004500
__end_of_display_zone_image           text47       005DE4
__end_of_dpowers                      mediumconst  00FB73
__end_of_dry_cont_state               text99       0057AE
__end_of_dry_menu_1_HE                mediumconst  00DD91
__end_of_dry_menu_2_HE                mediumconst  00D991
__end_of_dry_menu_3_HE                mediumconst  00D591
__end_of_dry_menu_4_HE                mediumconst  00D191
__end_of_eds_30                       mediumconst  00C8FF
__end_of_eds_30D                      mediumconst  00C8DA
__end_of_empty_icon                   mediumconst  00C961
__end_of_erase_menu                   mediumconst  00CD91
__end_of_first_screen                 text37       005F7C
__end_of_font16x16                    mediumconst  00C76B
__end_of_fround                       text58       003CA6
[...]
menu1@F6505                           dataBANK1    0001BE
menu1@F6507                           dataBANK1    0001BB
menu1@_mic1_mode                      cstackCOMRAM 000030
menu1@backup_zone_sel                 cstackCOMRAM 00002D
menu1@i                               cstackCOMRAM 000034
menu1@m_neg                           cstackCOMRAM 000031
menu1@tr                              cstackCOMRAM 000026
menu1@y                               cstackCOMRAM 000036
menu3@dry1_sel                        cstackCOMRAM 000023
menu3@dry2_sel                        cstackCOMRAM 000024
menu3@msg1_sel                        cstackCOMRAM 000025
menu3@msg2_sel                        cstackCOMRAM 000026
menu3@neg1                            cstackCOMRAM 000027
menu3@neg2                            cstackCOMRAM 000029
menu3@neg3                            cstackCOMRAM 000028
menu3@neg4                            cstackCOMRAM 00002A
menu3@tr1                             cstackCOMRAM 00001F
menu3@tr2                             cstackCOMRAM 000020
menu3@tr3                             cstackCOMRAM 000021
menu3@tr4                             cstackCOMRAM 000022
menu3@y                               cstackCOMRAM 00002B
menu4@both_pressed                    cstackBANK1  0001E6
menu4@hold_time                       cstackBANK1  0001E7
menu4@selected                        cstackBANK1  0001E1
mic1_state@PTT1                       cstackCOMRAM 00001A
mic2_state@PTT2                       cstackCOMRAM 00001A
mic3_state@PTT3                       cstackCOMRAM 00001A
mulfunctions_@_neg                    cstackCOMRAM 000024
readADC@channel                       cstackCOMRAM 000011
rs_icon@F6511                         mediumconst  00C96B
rs_icon@i                             cstackCOMRAM 000019
rs_icon@iconData                      cstackCOMRAM 000010
scale@scl                             cstackCOMRAM 00003C
sprintf@ap                            cstackBANK0  000089
sprintf@c                             cstackBANK0  0000A1
sprintf@cp                            cstackBANK0  000087
sprintf@eexp                          cstackBANK0  000095
sprintf@f                             cstackBANK0  000076
sprintf@flag                          cstackBANK0  000097
sprintf@fval                          cstackBANK0  000099
sprintf@len                           cstackBANK0  00008B
sprintf@prec                          cstackBANK0  00009F
sprintf@sp                            cstackBANK0  000074
sprintf@tmpval                        cstackBANK0  00008D
sprintf@val                           cstackBANK0  000091
sprintf@width                         cstackBANK0  00009D
stackhi                               (abs)        000000
stacklo                               (abs)        000000
start                                 init         0003CE
start_initialization                  cinit        005C16
strlen@cp                             cstackCOMRAM 00000F
strlen@s                              cstackCOMRAM 00000D
sys_adc_tst@error_code                cstackCOMRAM 000022
sys_adc_tst@i                         cstackCOMRAM 000021
sys_adc_tst@last_error                bssBANK0     0000EA
sys_timer_set@backup_line_timer       cstackBANK0  0000C2
sys_timer_set@backup_mode             cstackBANK0  0000C3
sys_timer_set@buf                     cstackBANK0  0000A4
sys_timer_set@i                       cstackBANK0  0000C8
sys_timer_set@i_3910                  cstackBANK0  0000CA
sys_timer_set@menu_index              cstackBANK0  0000CC
tmr_drop_menu@en                      cstackCOMRAM 00001B
ttemp5                                temp         000054
ttemp6                                temp         000057
ttemp7                                temp         00005B
uart1_init@baudrate                   cstackCOMRAM 00001A
uart1_init@brg                        cstackCOMRAM 000022
uart2_init@baudrate                   cstackCOMRAM 00001A
uart2_init@brg                        cstackCOMRAM 000022
wtemp8                                temp         000054
zone_on_off@rly1                      cstackCOMRAM 00000E
zone_on_off@rly2                      cstackCOMRAM 00000D


MODULE INFORMATION

Module		Function		Class		Link	Load	Size
C:\Program Files\Microchip\xc8\v2.50\pic\sources\c90\common\lbdiv.c
		___lbdiv       		CODE           	696A	0000	56

C:\Program Files\Microchip\xc8\v2.50\pic\sources\c90\common\lbdiv.c estimated size: 56

timers.c
		_init_TMR0     		CODE           	6C12	0000	40
		_init_TMR5     		CODE           	6B94	0000	42

timers.c estimated size: 82

C:\Program Files\Microchip\xc8\v2.50\pic\sources\c90\common\memset.c
		_memset        		CODE           	6B68	0000	44

C:\Program Files\Microchip\xc8\v2.50\pic\sources\c90\common\memset.c estimated size: 44

C:\Program Files\Microchip\xc8\v2.50\pic\sources\c90\common\flge.c
		___flge        		CODE           	57AE	0000	208

C:\Program Files\Microchip\xc8\v2.50\pic\sources\c90\common\flge.c estimated size: 208

uart.c
		_uart1_init    		CODE           	60FE	0000	122
		_uart2_init    		CODE           	61EE	0000	116

uart.c estimated size: 238

C:\Program Files\Microchip\xc8\v2.50\pic\sources\c90\common\doprnt.c
		_scale         		CODE           	1B0C	0000	976
		_sprintf       		CODE           	03D2	0000	3086
		_fround        		CODE           	3A3C	0000	618

C:\Program Files\Microchip\xc8\v2.50\pic\sources\c90\common\doprnt.c estimated size: 4680

mic.c
		_dry_cont_state		CODE           	56DA	0000	212
		_saveMic1ThresholdsToEEPROM		CODE           	6262	0000	114
		_handleDryCont_3_4		CODE           	4FBC	0000	278
		_handleEmergencyCalls		CODE           	6080	0000	126
		_detectStatePTT		CODE           	587E	0000	202
		_loadMic1Thresholds		CODE           	49E6	0000	310
		_mic1_state    		CODE           	4092	0000	418
		_mic2_state    		CODE           	4234	0000	380
		_mic3_state    		CODE           	3ED8	0000	442

mic.c estimated size: 2482

i2c.c
		_I2CStop       		CODE           	6EB4	0000	8
		_I2CStart      		CODE           	6EBC	0000	8
		_I2CWait       		CODE           	6E3C	0000	18
		_I2CInit       		CODE           	6E14	0000	20
		_I2CSend       		CODE           	6E4E	0000	16

i2c.c estimated size: 70

C:\Program Files\Microchip\xc8\v2.50\pic\sources\c90\common\llmod.c
		___llmod       		CODE           	65CA	0000	102

C:\Program Files\Microchip\xc8\v2.50\pic\sources\c90\common\llmod.c estimated size: 102

C:\Program Files\Microchip\xc8\v2.50\pic\sources\c90\common\sprcmul.c
		___flmul       		CODE           	25D0	0000	808

C:\Program Files\Microchip\xc8\v2.50\pic\sources\c90\common\sprcmul.c estimated size: 808

sp_line.c
		_handleState   		CODE           	4D74	0000	296
		_handleLineStates		CODE           	4E9C	0000	288
		_detectLineState		CODE           	5CBC	0000	152

sp_line.c estimated size: 736

C:\Program Files\Microchip\xc8\v2.50\pic\sources\c90\common\sprcdiv.c
		___fldiv       		CODE           	3536	0000	648

C:\Program Files\Microchip\xc8\v2.50\pic\sources\c90\common\sprcdiv.c estimated size: 648

epprom.c
		_EEPROM_Read   		CODE           	6E28	0000	20
		_EEPROM_Write  		CODE           	6BBE	0000	42
		_EEPROM_Read16 		CODE           	69DA	0000	52
		_EEPROM_Write16		CODE           	6D98	0000	28

epprom.c estimated size: 142

C:\Program Files\Microchip\xc8\v2.50\pic\sources\c90\common\ftdivl.c
		__tdiv_to_l_   		CODE           	52F8	0000	254

C:\Program Files\Microchip\xc8\v2.50\pic\sources\c90\common\ftdivl.c estimated size: 254

C:\Program Files\Microchip\xc8\v2.50\pic\sources\c90\common\awmod.c
		___awmod       		CODE           	6420	0000	110

C:\Program Files\Microchip\xc8\v2.50\pic\sources\c90\common\awmod.c estimated size: 110

C:\Program Files\Microchip\xc8\v2.50\pic\sources\c90\common\Umul16.c
		___wmul        		CODE           	6CB0	0000	38

C:\Program Files\Microchip\xc8\v2.50\pic\sources\c90\common\Umul16.c estimated size: 38

LCD_ST7565.c
		_img_view      		CODE           	64F8	0000	106
		_LCD_Command   		CODE           	6A42	0000	52
		_lcd_putch     		CODE           	5AB8	0000	182
		_lcd_putstr    		CODE           	6630	0000	90
		_LCD_Data      		CODE           	6A76	0000	52
		_display_digit 		CODE           	43B0	0000	336
		_LCDInit       		CODE           	648E	0000	106
		_Display_Picture		CODE           	6784	0000	80
		_lcd_clear     		CODE           	6C8A	0000	38
		_lcd_gotoxy    		CODE           	6D7A	0000	30
		_lcd_clear_pixels		CODE           	6CD6	0000	36
		_rs_icon       		CODE           	6AAA	0000	50
		_lcd_clear_line		CODE           	6D5C	0000	30

LCD_ST7565.c estimated size: 1188

C:\Program Files\Microchip\xc8\v2.50\pic\sources\c90\common\__lldiv.c
		___lldiv       		CODE           	5FFE	0000	130

C:\Program Files\Microchip\xc8\v2.50\pic\sources\c90\common\__lldiv.c estimated size: 130

C:\Program Files\Microchip\xc8\v2.50\pic\sources\c90\common\lwdiv.c
		___lwdiv       		CODE           	6732	0000	82

C:\Program Files\Microchip\xc8\v2.50\pic\sources\c90\common\lwdiv.c estimated size: 82

DY1703A.c
		_jq8900_init   		CODE           	66E0	0000	82
		_jq8900_stop   		CODE           	6E5E	0000	16
		_jq8900_playTrack		CODE           	6DD0	0000	24
		_jq8900_setVolume		CODE           	6DE8	0000	22
		_is_module_busy		CODE           	6E6E	0000	12
		_JQ8900_SendCommand		CODE           	5B6E	0000	168

DY1703A.c estimated size: 324

C:\Program Files\Microchip\xc8\v2.50\pic\sources\c90\common\fldivl.c
		__div_to_l_    		CODE           	55E6	0000	244

C:\Program Files\Microchip\xc8\v2.50\pic\sources\c90\common\fldivl.c estimated size: 244

C:\Program Files\Microchip\xc8\v2.50\pic\sources\c90\common\fltol.c
		___fltol       		CODE           	5948	0000	186

C:\Program Files\Microchip\xc8\v2.50\pic\sources\c90\common\fltol.c estimated size: 186

shared
		adc_monitor@num_channels		MEDIUMCONST    	0000	0000	0
		_addr_34       		MEDIUMCONST    	FB95	0000	34
		_empty_icon    		MEDIUMCONST    	C954	0000	13
		_about__HE     		MEDIUMCONST    	F783	0000	80
		__left2_bit    		MEDIUMCONST    	0000	0000	0
		__left2_port   		MEDIUMCONST    	0000	0000	0
		__sp2_line_open_HE		MEDIUMCONST    	FAA0	0000	45
		__main_7_HE    		MEDIUMCONST    	E991	0000	1024
		_mic1ThresholdsDefault		MEDIUMCONST    	C937	0000	16
		_mode001_HE    		MEDIUMCONST    	ED91	0000	1024
		__sp1_Line_GND_HE		MEDIUMCONST    	F5E8	0000	87
		_msg_2_HE      		MEDIUMCONST    	FC17	0000	32
		_lcd_font@LCD_ST7565$F1603		MEDIUMCONST    	0000	0000	0
		_lcd_font@LCD_ST7565$F5413		MEDIUMCONST    	0000	0000	0
		__right2_bit   		MEDIUMCONST    	0000	0000	0
		_lcd_font@LCD_ST7565$F2720		MEDIUMCONST    	0000	0000	0
		_lcd_font@LCD_ST7565$F4693		MEDIUMCONST    	0000	0000	0
		__down         		MEDIUMCONST    	FD18	0000	9
		__right2_port  		MEDIUMCONST    	0000	0000	0
		__mic_off_HE   		MEDIUMCONST    	FC57	0000	32
		__sp2_Line_GND_HE		MEDIUMCONST    	F591	0000	87
		_lcd_font@LCD_ST7565$F1977		MEDIUMCONST    	0000	0000	0
		_lcd_font@LCD_ST7565$F7699		MEDIUMCONST    	0000	0000	0
		_ac_error_     		MEDIUMCONST    	F63F	0000	84
		__powers_      		MEDIUMCONST    	C842	0000	52
		_lcd_font@LCD_ST7565$F6811		MEDIUMCONST    	0000	0000	0
		_dry_menu_1_HE 		MEDIUMCONST    	D991	0000	1024
		_dry_menu_2_HE 		MEDIUMCONST    	D591	0000	1024
		_dry_menu_3_HE 		MEDIUMCONST    	D191	0000	1024
		_dry_menu_4_HE 		MEDIUMCONST    	CD91	0000	1024
		_lcd_font      		MEDIUMCONST    	0000	0000	0
		_dc_error_     		MEDIUMCONST    	F8AF	0000	65
		_dpowers       		MEDIUMCONST    	FB4B	0000	40
		_reset_HE      		MEDIUMCONST    	F733	0000	80
		_klali_HE      		MEDIUMCONST    	C76B	0000	80
		__back         		MEDIUMCONST    	FD2A	0000	9
		_rev__HE       		MEDIUMCONST    	FCEF	0000	24
		_msg_3_HE      		MEDIUMCONST    	FBF7	0000	32
		__rs_485_HE    		MEDIUMCONST    	F7D3	0000	80
		_msg_error_    		MEDIUMCONST    	C80B	0000	55
		__PA__HE       		MEDIUMCONST    	F955	0000	49
		_sys_sett_HE   		MEDIUMCONST    	F923	0000	50
		__zone_2_HE    		MEDIUMCONST    	FC77	0000	32
		__audio_50     		MEDIUMCONST    	F6E3	0000	80
		__audio_70     		MEDIUMCONST    	F869	0000	70
		adc_monitor@channels		MEDIUMCONST    	FD33	0000	5
		__up           		MEDIUMCONST    	FD21	0000	9
		_lcd_font@LCD_ST7565$F7202		MEDIUMCONST    	9535	0000	465
		__right1_bit   		MEDIUMCONST    	0000	0000	0
		_date__HE      		MEDIUMCONST    	FCD4	0000	27
		__npowers_     		MEDIUMCONST    	C876	0000	52
		_msg_4_HE      		MEDIUMCONST    	FBD7	0000	32
		_amp_error_    		MEDIUMCONST    	FB73	0000	34
		rs_icon@F6511  		MEDIUMCONST    	C96B	0000	9
		_lcd_font@LCD_ST7565$F6426		MEDIUMCONST    	0000	0000	0
		_eds_30D       		MEDIUMCONST    	C8AA	0000	48
		__right1_port  		MEDIUMCONST    	0000	0000	0
		__initialization		CODE           	5C16	0000	152
		_lcd_font@LCD_ST7565$F3725		MEDIUMCONST    	0000	0000	0
		_digits_8x16@LCD_ST7565$F7700		MEDIUMCONST    	0000	0000	0
		_digits_8x16@LCD_ST7565$F2721		MEDIUMCONST    	0000	0000	0
		_digits_8x16@LCD_ST7565$F7203		MEDIUMCONST    	B1A3	0000	384
		_digits_8x16@LCD_ST7565$F6812		MEDIUMCONST    	0000	0000	0
		_digits_8x16@LCD_ST7565$F1604		MEDIUMCONST    	0000	0000	0
		_digits_8x16@LCD_ST7565$F5414		MEDIUMCONST    	0000	0000	0
		_digits_8x16@LCD_ST7565$F5861		MEDIUMCONST    	0000	0000	0
		_digits_8x16@LCD_ST7565$F3726		MEDIUMCONST    	0000	0000	0
		_digits_8x16@LCD_ST7565$F6427		MEDIUMCONST    	0000	0000	0
		_digits_8x16@LCD_ST7565$F2295		MEDIUMCONST    	0000	0000	0
		_digits_8x16@LCD_ST7565$F4694		MEDIUMCONST    	0000	0000	0
		_digits_8x16@LCD_ST7565$F7447		MEDIUMCONST    	0000	0000	0
		_digits_8x16@LCD_ST7565$F3078		MEDIUMCONST    	0000	0000	0
		_digits_8x16@LCD_ST7565$F4197		MEDIUMCONST    	0000	0000	0
		_digits_8x16@LCD_ST7565$F1978		MEDIUMCONST    	0000	0000	0
		__enter        		MEDIUMCONST    	C974	0000	8
		__aux_mic1_19  		MEDIUMCONST    	C91F	0000	24
		_msg_5_HE      		MEDIUMCONST    	FBB7	0000	32
		_prod__HE      		MEDIUMCONST    	FD07	0000	17
		_msg_sett_HE   		MEDIUMCONST    	C7BB	0000	80
		__m1_short_42  		MEDIUMCONST    	FB21	0000	42
		_lcd_font@LCD_ST7565$F3077		MEDIUMCONST    	0000	0000	0
		__sp1_line_short_HE		MEDIUMCONST    	FA44	0000	46
		_eds_30        		MEDIUMCONST    	C8DA	0000	37
		_a_in_HE       		MEDIUMCONST    	C8FF	0000	32
		__left1_bit    		MEDIUMCONST    	0000	0000	0
		__m2_short_42  		MEDIUMCONST    	FAF7	0000	42
		__zone_1_HE    		MEDIUMCONST    	FC97	0000	32
		_lcd_font@LCD_ST7565$F2294		MEDIUMCONST    	0000	0000	0
		_lcd_font@LCD_ST7565$F4196		MEDIUMCONST    	0000	0000	0
		__mic1_cut_89  		MEDIUMCONST    	F9E6	0000	48
		_erase_menu    		MEDIUMCONST    	C991	0000	1024
		__left1_port   		MEDIUMCONST    	0000	0000	0
		_digits_8x16   		MEDIUMCONST    	0000	0000	0
		__zone_1_2_HE  		MEDIUMCONST    	FCB7	0000	29
		__m3_short_42  		MEDIUMCONST    	FACD	0000	42
		_Malfunction_HE_34		MEDIUMCONST    	F8F0	0000	51
		adc_monitor@channelNames		MEDIUMCONST    	C961	0000	10
		LCDInit@F6460  		MEDIUMCONST    	C947	0000	13
		__sp2_line_short_HE		MEDIUMCONST    	FA16	0000	46
		__all_mic_cut_104		MEDIUMCONST    	C6A3	0000	104
		_bell_icon     		MEDIUMCONST    	C97C	0000	8
		__logo_        		MEDIUMCONST    	F191	0000	1024
		_lcd_font@LCD_ST7565$F7446		MEDIUMCONST    	0000	0000	0
		_font16x16     		MEDIUMCONST    	C70B	0000	96
		_rs_70         		MEDIUMCONST    	F823	0000	70
		__mic_set_80   		MEDIUMCONST    	F693	0000	80
		_lcd_font@LCD_ST7565$F5860		MEDIUMCONST    	0000	0000	0
		__m3_cut_48    		MEDIUMCONST    	F986	0000	48
		__mic2_cut_89  		MEDIUMCONST    	F9B6	0000	48
		_msg_1_HE      		MEDIUMCONST    	FC37	0000	32
		__mic_menu_1_HE		MEDIUMCONST    	E591	0000	1024
		__mic_menu_2_HE		MEDIUMCONST    	E191	0000	1024
		__mic_menu_3_HE		MEDIUMCONST    	DD91	0000	1024
		__sp1_line_open_HE		MEDIUMCONST    	FA72	0000	46

shared estimated size: 14961

C:\Program Files\Microchip\xc8\v2.50\pic\sources\c90\common\lbmod.c
		___lbmod       		CODE           	6C3A	0000	40

C:\Program Files\Microchip\xc8\v2.50\pic\sources\c90\common\lbmod.c estimated size: 40

C:\Program Files\Microchip\xc8\v2.50\pic\sources\c90\common\fleq.c
		___fleq        		CODE           	5E6E	0000	138

C:\Program Files\Microchip\xc8\v2.50\pic\sources\c90\common\fleq.c estimated size: 138

ADC.c
		_ADC_init      		CODE           	6D1C	0000	32
		_readADC       		CODE           	6930	0000	58

ADC.c estimated size: 90

C:\Program Files\Microchip\xc8\v2.50\pic\sources\c90\common\isdigit.c
		_isdigit       		CODE           	6DB4	0000	28

C:\Program Files\Microchip\xc8\v2.50\pic\sources\c90\common\isdigit.c estimated size: 28

C:\Program Files\Microchip\xc8\v2.50\pic\sources\c90\common\sprcadd.c
		___flsub       		CODE           	67D4	0000	72
		___fladd       		CODE           	2F32	0000	778

C:\Program Files\Microchip\xc8\v2.50\pic\sources\c90\common\sprcadd.c estimated size: 850

RS485.c
		_UART1_Write   		CODE           	6E9E	0000	12
		_Handle_Command		CODE           	6E92	0000	12
		_RS485_Send    		CODE           	68EC	0000	68
		_Calculate_Checksum		CODE           	6EAA	0000	10
		_RS485_Slave_Task		CODE           	6562	0000	104
		_RS485_Master_Task		CODE           	668A	0000	86
		_RS485_Send_Response		CODE           	68A8	0000	68

RS485.c estimated size: 360

menu.c
		_first_screen  		CODE           	5EF8	0000	132
		_menu4         		CODE           	3CA6	0000	562
		_sys_timer_set 		CODE           	323C	0000	762
		_adc_monitor   		CODE           	2C1A	0000	792
		_decreaseParamMin		CODE           	5A02	0000	182
		_decreaseParamMax		CODE           	53F6	0000	250
		__audio_sett   		CODE           	0FE0	0000	1582
		_display_zone_image		CODE           	5D54	0000	144
		__resete_all   		CODE           	6178	0000	118
		_m_screen      		CODE           	6DFE	0000	22
		_increaseParamMin		CODE           	54F0	0000	246
		_increaseParamMax		CODE           	63B2	0000	110
		_menu1         		CODE           	2282	0000	846
		_tmr_drop_menu 		CODE           	6A0E	0000	52
		__rs_comm_     		CODE           	37BE	0000	638
		_adc_menu_SP1  		CODE           	6EC8	0000	2
		_adc_menu_MIC1 		CODE           	28F8	0000	802
		__about        		CODE           	51E6	0000	274
		_menu3         		CODE           	160E	0000	1278

menu.c estimated size: 8794

595.c
		_SendShiftData595		CODE           	69A2	0000	56

595.c estimated size: 56

C:\Program Files\Microchip\xc8\v2.50\pic\sources\c90\common\awdiv.c
		___awdiv       		CODE           	5F7C	0000	130

C:\Program Files\Microchip\xc8\v2.50\pic\sources\c90\common\awdiv.c estimated size: 130

mcp4561.c
		_ConvertVolumeToDB		CODE           	4B1C	0000	302
		_MCP4561_Write 		CODE           	6D3C	0000	32
		_SetWiperValue 		CODE           	6C62	0000	40

mcp4561.c estimated size: 374

main.c
		_sys_init      		CODE           	48B0	0000	310
		_action        		CODE           	6ADC	0000	50
		_push_butt     		CODE           	6344	0000	110
		_PTT_3         		CODE           	6E86	0000	12
		_main          		CODE           	681C	0000	70
		_startup_logo_leds		CODE           	62D4	0000	112
		_zone_on_off   		CODE           	6862	0000	70
		_PTT_4         		CODE           	6E7A	0000	12
		_isr           		CODE           	0008	0000	966
		__first_run_   		CODE           	4640	0000	312
		_LoadConfigData		CODE           	4778	0000	312
		_main_icon_    		CODE           	1EDC	0000	934
		_line_check_presentes		CODE           	5DE4	0000	138

main.c estimated size: 3408

C:\Program Files\Microchip\xc8\v2.50\pic\sources\c90\common\xxtofl.c
		___xxtofl      		CODE           	4500	0000	320

C:\Program Files\Microchip\xc8\v2.50\pic\sources\c90\common\xxtofl.c estimated size: 320

system.c
		_sys_adc_tst   		CODE           	4C4A	0000	298
		_mulfunctions_ 		CODE           	50D2	0000	276

system.c estimated size: 574

C:\Program Files\Microchip\xc8\v2.50\pic\sources\c90\common\flneg.c
		___flneg       		CODE           	6B0E	0000	46

C:\Program Files\Microchip\xc8\v2.50\pic\sources\c90\common\flneg.c estimated size: 46

C:\Program Files\Microchip\xc8\v2.50\pic\sources\c90\common\strlen.c
		_strlen        		CODE           	6CFA	0000	34

C:\Program Files\Microchip\xc8\v2.50\pic\sources\c90\common\strlen.c estimated size: 34

