Microchip MPLAB XC8 Compiler V2.50

Linker command line:

-W-3 \
  --edf=C:\Program Files\Microchip\xc8\v2.50\pic\dat\20240725155939_en.msgs \
  -cn -h+dist/default/debug\EDS_FW_1.0.1.debug.sym \
  --cmf=dist/default/debug\EDS_FW_1.0.1.debug.cmf -z -Q18F46K22 \
  -oC:\Users\vinok\AppData\Local\Temp\xcAser0.\driver_tmp_3.o \
  --defsym=__MPLAB_BUILD=1 --fixupoverflow=error \
  -Mdist/default/debug/EDS_FW_1.0.1.debug.map \
  --md=C:\Users\vinok\AppData\Local\Temp\xcAser0.\driver_tmp_0.dat -E1 \
  -ver=XC8 Compiler --acfsm=1493 -ACODE=00h-0FFFFh -ACONST=00h-0FFFFh \
  -ASMALLCONST=01000h-010FFhx240 -AMEDIUMCONST=01000h-0FFFFh \
  -ACOMRAM=01h-05Fh -AABS1=00h-0F37h -ABIGRAM=01h-0F37h \
  -ARAM=060h-0FFh,0100h-01FFhx14,0F00h-0F37h -ABANK0=060h-0FFh \
  -ABANK1=0100h-01FFh -ABANK2=0200h-02FFh -ABANK3=0300h-03FFh \
  -ABANK4=0400h-04FFh -ABANK5=0500h-05FFh -ABANK6=0600h-06FFh \
  -ABANK7=0700h-07FFh -ABANK8=0800h-08FFh -ABANK9=0900h-09FFh \
  -ABANK10=0A00h-0AFFh -ABANK11=0B00h-0BFFh -ABANK12=0C00h-0CFFh \
  -ABANK13=0D00h-0DFFh -ABANK14=0E00h-0EFFh -ABANK15=0F00h-0F37h \
  -ASFR=0F38h-0F5Fh,0F60h-0FFCh -ABIGSFR=0F38h-0FFCh \
  -ACONFIG=0300000h-030000Dh -AIDLOC=0200000h-0200007h \
  -AEEDATA=0F00000h-0F003FFh -peeprom_data=EEDATA \
  -preset_vec=00h,intcode=8h,intcodelo,powerup,init -pramtop=01000h \
  -psmallconst=SMALLCONST -pmediumconst=MEDIUMCONST -pconst=CONST \
  -AFARRAM=00h-00h \
  -prdata=COMRAM,nvrram=COMRAM,nvbit=COMRAM,rbss=COMRAM,rbit=COMRAM \
  -pfarbss=FARRAM,fardata=FARRAM,nvFARRAM=FARRAM \
  -pintsave_regs=BIGRAM,bigbss=BIGRAM,bigdata=BIGRAM -pbss=RAM \
  -pidata=CODE,irdata=CODE,ibigdata=CODE,ifardata=CODE -prparam=COMRAM \
  C:\Users\vinok\AppData\Local\Temp\xcAser0.\driver_tmp_14.o \
  dist/default/debug\EDS_FW_1.0.1.debug.o 

Object code version is 3.11

Machine type is 18F46K22



                Name                               Link     Load   Length Selector   Space Scale
C:\Users\vinok\AppData\Local\Temp\xcAser0.\driver_tmp_14.o
                idloc                            200000   200000        8        0       5
                config                           300000   300000        E        0       4
                init                                3CE      3CE        4        4       0
                reset_vec                             0        0        6        0       0
dist/default/debug\EDS_FW_1.0.1.debug.o
                intcode                               8        8      3C6        4       0
                idloc                            200000   200000        8        0       5
                config                           300000   300000        E        0       4
                temp                                 53       53        1        1       1
                mediumconst                        9200     9200     6E00     4900       0
                text113                            6CEA     6CEA        A     3529       0
                text112                            6CDE     6CDE        C     3529       0
                text111                            672C     672C       44        4       0
                text110                            6CD2     6CD2        C     3529       0
                text109                            66E8     66E8       44        4       0
                text108                            63A2     63A2       68        4       0
                text107                            64CA     64CA       56        4       0
                text106                            6CC6     6CC6        C     3529       0
                text105                            6CBA     6CBA        C     3529       0
                text104                            67E2     67E2       38        4       0
                text103                            66A2     66A2       46        4       0
                text102                            691C     691C       32        4       0
                text101                            6CAE     6CAE        C     3529       0
                text100                            590C     590C       A8        4       0
                text99                             6C10     6C10       18     3529       0
                text98                             5478     5478       D4        4       0
                text97                             6C9E     6C9E       10     3529       0
                text96                             4F86     4F86      110        4       0
                text95                             6770     6770       3A        4       0
                text94                             561C     561C       CA        4       0
                text93                             6C7C     6C7C       12     3529       0
                text92                             6C8E     6C8E       10     3529       0
                text91                             6CFC     6CFC        8     3529       0
                text90                             6CF4     6CF4        8     3529       0
                text89                             6B7C     6B7C       20     3529       0
                text88                             6AA2     6AA2       28     3529       0
                text87                             3F20     3F20      1A6        4       0
                text86                             4254     4254      17E        4       0
                text85                             40C6     40C6      18E        4       0
                text84                             5EC4     5EC4       7E        4       0
                text83                             5B00     5B00       98        4       0
                text82                             4A06     4A06      128        4       0
                text81                             68B6     68B6       34        4       0
                text80                             6882     6882       34        4       0
                text79                             6BBA     6BBA       1E     3529       0
                text78                             6338     6338       6A        4       0
                text77                             6B9C     6B9C       1E     3529       0
                text76                             4B2E     4B2E      120        4       0
                text75                             5856     5856       B6        4       0
                text74                             6470     6470       5A        4       0
                text73                             68EA     68EA       32        4       0
                text72                             5CB2     5CB2       8A        4       0
                text71                             554C     554C       D0        4       0
                text70                             694E     694E       2E        4       0
                text69                             329E     329E      30A        4       0
                text68                             6614     6614       48        4       0
                text67                             56E6     56E6       BA        4       0
                text66                             5E42     5E42       82        4       0
                text65                             640A     640A       66        4       0
                text64                             6AF0     6AF0       26     3529       0
                text63                             4524     4524      140        4       0
                text62                             5384     5384       F4        4       0
                text61                             5096     5096       FE        4       0
                text60                             2C5C     2C5C      328        4       0
                text59                             67AA     67AA       38        4       0
                text58                             6A7A     6A7A       28     3529       0
                text57                             3AAE     3AAE      26A        4       0
                text56                             6BF4     6BF4       1C     3529       0
                text55                             5DC0     5DC0       82        4       0
                text54                             6260     6260       6E        4       0
                text53                             1B0E     1B0E      3D0        4       0
                text52                              3D2      3D2      C10        4       0
                text51                             1EDE     1EDE      3A6        4       0
                text50                             6B16     6B16       24     3529       0
                text49                             4C4E     4C4E      114        4       0
                text48                             6C68     6C68       14     3529       0
                text47                             69FE     69FE       2A        4       0
                text46                             5B98     5B98       90        4       0
                text45                             6ACA     6ACA       26     3529       0
                text44                             65C4     65C4       50        4       0
                text43                             6C3E     6C3E       16     3529       0
                text42                             684E     684E       34        4       0
                text41                             2284     2284      34E        4       0
                text40                             1610     1610      4FE        4       0
                text39                             6572     6572       52        4       0
                text38                             35A8     35A8      288        4       0
                text37                             5194     5194       FA        4       0
                text36                             57A0     57A0       B6        4       0
                text35                             61F2     61F2       6E        4       0
                text34                             528E     528E       F6        4       0
                text33                             6BD8     6BD8       1C     3529       0
                text32                             60A2     60A2       72        4       0
                text31                             2F84     2F84      31A        4       0
                text30                             6D08     6D08        2     3529       0
                text29                             5D3C     5D3C       84        4       0
                text28                             25D2     25D2      348        4       0
                text27                             5C28     5C28       8A        4       0
                text26                             6B3A     6B3A       22     3529       0
                text25                             291A     291A      342        4       0
                text24                             4E74     4E74      112        4       0
                text23                             48D8     48D8      12E        4       0
                text22                             6C28     6C28       16     3529       0
                text21                              FE2      FE2      62E        4       0
                text20                             6030     6030       72        4       0
                text19                             3830     3830      27E        4       0
                text18                             69A8     69A8       2C        4       0
                text17                             3D18     3D18      208        4       0
                text16                             6184     6184       6E        4       0
                text15                             4D62     4D62      112        4       0
                text14                             6B5C     6B5C       20     3529       0
                text13                             6C54     6C54       14     3529       0
                text12                             62CE     62CE       6A        4       0
                text11                             6520     6520       52        4       0
                text10                             681A     681A       34        4       0
                text9                              47A2     47A2      136        4       0
                text8                              43D2     43D2      152        4       0
                text7                              5A5A     5A5A       A6        4       0
                text6                              6A52     6A52       28     3529       0
                text5                              69D4     69D4       2A        4       0
                text4                              6114     6114       70        4       0
                text3                              5F42     5F42       7A        4       0
                text2                              5FBC     5FBC       74        4       0
                text1                              4664     4664      13E        4       0
                text0                              665C     665C       46        4       0
                cstackCOMRAM                          1        1       46        1       1
                cstackBANK0                          60       60       6F       60       1
                cstackBANK1                         1E1      1E1       13      100       1
                cstackBANK2                         200      200       32      200       1
                bssBIGRAM                           25E      25E      400      25E       1
                dataBANK2                           232      232       2C      200       1
                dataBANK1                           1B8      1B8       29      100       1
                bssBANK1                            100      100       B8      100       1
                dataBANK0                            FA       FA        4       60       1
                bssBANK0                             CF       CF       2B       60       1
                bssCOMRAM                            47       47        C        1       1
                cinit                              59B4     59B4       A6        4       0
                idataBANK2                         697C     697C       2C        4       0
                idataBANK1                         6A28     6A28       29        4       0
                idataBANK0                         6D04     6D04        4     3529       0

TOTAL           Name                               Link     Load   Length     Space
        CLASS   CODE           
                intcode                               8        8      3C6         0
                init                                3CE      3CE        4         0
                reset_vec                             0        0        6         0
                text113                            6CEA     6CEA        A         0
                text112                            6CDE     6CDE        C         0
                text111                            672C     672C       44         0
                text110                            6CD2     6CD2        C         0
                text109                            66E8     66E8       44         0
                text108                            63A2     63A2       68         0
                text107                            64CA     64CA       56         0
                text106                            6CC6     6CC6        C         0
                text105                            6CBA     6CBA        C         0
                text104                            67E2     67E2       38         0
                text103                            66A2     66A2       46         0
                text102                            691C     691C       32         0
                text101                            6CAE     6CAE        C         0
                text100                            590C     590C       A8         0
                text99                             6C10     6C10       18         0
                text98                             5478     5478       D4         0
                text97                             6C9E     6C9E       10         0
                text96                             4F86     4F86      110         0
                text95                             6770     6770       3A         0
                text94                             561C     561C       CA         0
                text93                             6C7C     6C7C       12         0
                text92                             6C8E     6C8E       10         0
                text91                             6CFC     6CFC        8         0
                text90                             6CF4     6CF4        8         0
                text89                             6B7C     6B7C       20         0
                text88                             6AA2     6AA2       28         0
                text87                             3F20     3F20      1A6         0
                text86                             4254     4254      17E         0
                text85                             40C6     40C6      18E         0
                text84                             5EC4     5EC4       7E         0
                text83                             5B00     5B00       98         0
                text82                             4A06     4A06      128         0
                text81                             68B6     68B6       34         0
                text80                             6882     6882       34         0
                text79                             6BBA     6BBA       1E         0
                text78                             6338     6338       6A         0
                text77                             6B9C     6B9C       1E         0
                text76                             4B2E     4B2E      120         0
                text75                             5856     5856       B6         0
                text74                             6470     6470       5A         0
                text73                             68EA     68EA       32         0
                text72                             5CB2     5CB2       8A         0
                text71                             554C     554C       D0         0
                text70                             694E     694E       2E         0
                text69                             329E     329E      30A         0
                text68                             6614     6614       48         0
                text67                             56E6     56E6       BA         0
                text66                             5E42     5E42       82         0
                text65                             640A     640A       66         0
                text64                             6AF0     6AF0       26         0
                text63                             4524     4524      140         0
                text62                             5384     5384       F4         0
                text61                             5096     5096       FE         0
                text60                             2C5C     2C5C      328         0
                text59                             67AA     67AA       38         0
                text58                             6A7A     6A7A       28         0
                text57                             3AAE     3AAE      26A         0
                text56                             6BF4     6BF4       1C         0
                text55                             5DC0     5DC0       82         0
                text54                             6260     6260       6E         0
                text53                             1B0E     1B0E      3D0         0
                text52                              3D2      3D2      C10         0
                text51                             1EDE     1EDE      3A6         0
                text50                             6B16     6B16       24         0
                text49                             4C4E     4C4E      114         0
                text48                             6C68     6C68       14         0
                text47                             69FE     69FE       2A         0
                text46                             5B98     5B98       90         0
                text45                             6ACA     6ACA       26         0
                text44                             65C4     65C4       50         0
                text43                             6C3E     6C3E       16         0
                text42                             684E     684E       34         0
                text41                             2284     2284      34E         0
                text40                             1610     1610      4FE         0
                text39                             6572     6572       52         0
                text38                             35A8     35A8      288         0
                text37                             5194     5194       FA         0
                text36                             57A0     57A0       B6         0
                text35                             61F2     61F2       6E         0
                text34                             528E     528E       F6         0
                text33                             6BD8     6BD8       1C         0
                text32                             60A2     60A2       72         0
                text31                             2F84     2F84      31A         0
                text30                             6D08     6D08        2         0
                text29                             5D3C     5D3C       84         0
                text28                             25D2     25D2      348         0
                text27                             5C28     5C28       8A         0
                text26                             6B3A     6B3A       22         0
                text25                             291A     291A      342         0
                text24                             4E74     4E74      112         0
                text23                             48D8     48D8      12E         0
                text22                             6C28     6C28       16         0
                text21                              FE2      FE2      62E         0
                text20                             6030     6030       72         0
                text19                             3830     3830      27E         0
                text18                             69A8     69A8       2C         0
                text17                             3D18     3D18      208         0
                text16                             6184     6184       6E         0
                text15                             4D62     4D62      112         0
                text14                             6B5C     6B5C       20         0
                text13                             6C54     6C54       14         0
                text12                             62CE     62CE       6A         0
                text11                             6520     6520       52         0
                text10                             681A     681A       34         0
                text9                              47A2     47A2      136         0
                text8                              43D2     43D2      152         0
                text7                              5A5A     5A5A       A6         0
                text6                              6A52     6A52       28         0
                text5                              69D4     69D4       2A         0
                text4                              6114     6114       70         0
                text3                              5F42     5F42       7A         0
                text2                              5FBC     5FBC       74         0
                text1                              4664     4664      13E         0
                text0                              665C     665C       46         0
                cinit                              59B4     59B4       A6         0
                idataBANK2                         697C     697C       2C         0
                idataBANK1                         6A28     6A28       29         0
                idataBANK0                         6D04     6D04        4         0

        CLASS   CONST          

        CLASS   SMALLCONST     

        CLASS   MEDIUMCONST    
                mediumconst                        9200     9200     6E00         0

        CLASS   COMRAM         
                temp                                 53       53        1         1
                cstackCOMRAM                          1        1       46         1
                bssCOMRAM                            47       47        C         1

        CLASS   ABS1           

        CLASS   BIGRAM         
                bssBIGRAM                           25E      25E      400         1

        CLASS   RAM            

        CLASS   BANK0          
                cstackBANK0                          60       60       6F         1
                dataBANK0                            FA       FA        4         1
                bssBANK0                             CF       CF       2B         1

        CLASS   BANK1          
                cstackBANK1                         1E1      1E1       13         1
                dataBANK1                           1B8      1B8       29         1
                bssBANK1                            100      100       B8         1

        CLASS   BANK2          
                cstackBANK2                         200      200       32         1
                dataBANK2                           232      232       2C         1

        CLASS   BANK3          

        CLASS   BANK4          

        CLASS   BANK5          

        CLASS   BANK6          

        CLASS   BANK7          

        CLASS   BANK8          

        CLASS   BANK9          

        CLASS   BANK10         

        CLASS   BANK11         

        CLASS   BANK12         

        CLASS   BANK13         

        CLASS   BANK14         

        CLASS   BANK15         

        CLASS   SFR            

        CLASS   BIGSFR         

        CLASS   CONFIG         
                config                           300000   300000        E         4

        CLASS   IDLOC          
                idloc                            200000   200000        8         5

        CLASS   EEDATA         

        CLASS   FARRAM         

        CLASS   HEAP           

        CLASS   STACK          



SEGMENTS        Name                           Load    Length   Top    Selector   Space  Class

                reset_vec                      000000  000006  000006         0       0  CODE    
                cstackCOMRAM                   000001  000053  000054         1       1  COMRAM  
                intcode                        000008  006A49  006A51         4       0  CODE    
                cstackBANK0                    000060  00009E  0000FE        60       1  BANK0   
                bssBANK1                       000100  0000F4  0001F4       100       1  BANK1   
                cstackBANK2                    000200  00005E  00025E       200       1  BANK2   
                bssBIGRAM                      00025E  000400  00065E       25E       1  BIGRAM  
                text6                          006A52  0002B8  006D0A      3529       0  CODE    
                mediumconst                    009200  006E00  010000      4900       0  MEDIUMCO


UNUSED ADDRESS RANGES

        Name                Unused          Largest block    Delta
        BANK0            0000FE-0000FF                2
        BANK1            0001F4-0001FF                C
        BANK10           000A00-000AFF              100
        BANK11           000B00-000BFF              100
        BANK12           000C00-000CFF              100
        BANK13           000D00-000DFF              100
        BANK14           000E00-000EFF              100
        BANK15           000F00-000F37               38
        BANK6            00065E-0006FF               A2
        BANK7            000700-0007FF              100
        BANK8            000800-0008FF              100
        BANK9            000900-0009FF              100
        BIGRAM           000054-00005F                C
                         0000FE-0000FF                2
                         0001F4-0001FF                C
                         00065E-000F37              8DA
        BIGSFR           000F38-000FFC               C5
        CODE             000006-000007                2
                         006A51-006A51                1
                         006D0A-0091FF             24F6
        COMRAM           000054-00005F                C
        CONST            000006-000007                2
                         006A51-006A51                1
                         006D0A-0091FF             24F6
        EEDATA           F00000-F003FF              400
        MEDIUMCONST      006A51-006A51                1
                         006D0A-0091FF             24F6
        RAM              0000FE-0000FF                2
                         0001F4-0001FF                C
                         00065E-000F37              100
        SFR              000F38-000FFC               28
        SMALLCONST       006A51-006A51                1
                         006D0A-0091FF              100

                                  Symbol Table

?_ConvertVolumeToDB                   cstackBANK0  00006D
?_EEPROM_Read16                       cstackCOMRAM 00000E
?___awdiv                             cstackCOMRAM 000013
?___awmod                             cstackCOMRAM 00000D
?___fladd                             cstackBANK0  000060
?___fldiv                             cstackCOMRAM 000034
?___flmul                             cstackCOMRAM 00001B
?___flneg                             cstackCOMRAM 00000D
?___flsub                             cstackBANK0  00006C
?___fltol                             cstackCOMRAM 00003D
?___lldiv                             cstackCOMRAM 00000D
?___llmod                             cstackCOMRAM 00001A
?___lwdiv                             cstackCOMRAM 00000D
?___wmul                              cstackCOMRAM 00000D
?___xxtofl                            cstackCOMRAM 00000D
?__div_to_l_                          cstackCOMRAM 00000D
?__tdiv_to_l_                         cstackCOMRAM 00000D
?_detectStatePTT                      cstackCOMRAM 000012
?_fround                              cstackCOMRAM 000034
?_readADC                             cstackCOMRAM 00000D
?_scale                               cstackCOMRAM 000034
?_sprintf                             cstackBANK0  000074
?_strlen                              cstackCOMRAM 00000D
Calculate_Checksum@address            cstackCOMRAM 00000F
Calculate_Checksum@command            cstackCOMRAM 00000D
Calculate_Checksum@data               cstackCOMRAM 00000E
ConvertVolumeToDB@dbValue             cstackBANK0  000077
ConvertVolumeToDB@normalizedValue     cstackBANK0  000072
ConvertVolumeToDB@volume              cstackBANK0  000076
Display_Picture@i                     cstackCOMRAM 000019
Display_Picture@j                     cstackCOMRAM 000018
Display_Picture@pic                   cstackCOMRAM 000012
EEPROM_Read16@addr                    cstackCOMRAM 000015
EEPROM_Read16@val                     cstackCOMRAM 000013
EEPROM_Read@address                   cstackCOMRAM 00000D
EEPROM_Write16@addr                   cstackCOMRAM 000011
EEPROM_Write16@value                  cstackCOMRAM 00000F
EEPROM_Write@address                  cstackCOMRAM 00000E
EEPROM_Write@data                     cstackCOMRAM 00000D
Handle_Command@command                cstackCOMRAM 00000D
Handle_Command@data                   cstackCOMRAM 00000E
I2CSend@dat                           cstackCOMRAM 00000E
JQ8900_SendCommand@cmd_type           cstackCOMRAM 00000F
JQ8900_SendCommand@crc                cstackCOMRAM 000010
JQ8900_SendCommand@data               cstackCOMRAM 00000E
JQ8900_SendCommand@data_length        cstackCOMRAM 00000D
JQ8900_SendCommand@i                  cstackCOMRAM 000012
JQ8900_SendCommand@i_6742             cstackCOMRAM 000011
JQ8900_SendCommand@packet_length      cstackCOMRAM 000013
LCDInit@F6461                         mediumconst  00C9B5
LCDInit@i                             cstackCOMRAM 000023
LCDInit@initCommands                  cstackCOMRAM 000016
LCD_Command@command                   cstackCOMRAM 00000E
LCD_Command@i                         cstackCOMRAM 00000F
LCD_Data@data                         cstackCOMRAM 00000E
LCD_Data@i                            cstackCOMRAM 00000F
MCP4561_Write@address                 cstackCOMRAM 000011
MCP4561_Write@data                    cstackCOMRAM 000010
MCP4561_Write@reg                     cstackCOMRAM 00000F
RS485_Send@address                    cstackCOMRAM 000014
RS485_Send@checksum                   cstackCOMRAM 000013
RS485_Send@command                    cstackCOMRAM 000010
RS485_Send@data                       cstackCOMRAM 000011
RS485_Send_Response@address           cstackCOMRAM 000013
RS485_Send_Response@checksum          cstackCOMRAM 000012
RS485_Send_Response@response_data     cstackCOMRAM 000010
RS485_Slave_Task@address              cstackCOMRAM 000016
RS485_Slave_Task@checksum             cstackCOMRAM 000015
RS485_Slave_Task@command              cstackCOMRAM 000017
RS485_Slave_Task@data                 cstackCOMRAM 000018
RS485_Slave_Task@start_byte           cstackCOMRAM 000014
SendShiftData595@data                 cstackCOMRAM 00000D
SendShiftData595@i                    cstackCOMRAM 000010
SetWiperValue@potAddress              cstackCOMRAM 000014
SetWiperValue@reg                     cstackCOMRAM 000015
SetWiperValue@value                   cstackCOMRAM 000013
SetWiperValue@wiperNumber             cstackCOMRAM 000012
UART1_Write@data                      cstackCOMRAM 00000D
_ADCON0bits                           (abs)        000FC2
_ADCON1bits                           (abs)        000FC1
_ADCON2bits                           (abs)        000FC0
_ADC_init                             text14       006B5C
_ADRESH                               (abs)        000FC4
_ADRESL                               (abs)        000FC3
_ANSELAbits                           (abs)        000F38
_ANSELB                               (abs)        000F39
_ANSELCbits                           (abs)        000F3A
_ANSELD                               (abs)        000F3B
_ANSELE                               (abs)        000F3C
_BAUDCON1bits                         (abs)        000FB8
_BAUDCON2bits                         (abs)        000F70
_CM1CON0                              (abs)        000F79
_CM2CON0                              (abs)        000F78
_Calculate_Checksum                   text113      006CEA
_ConvertVolumeToDB                    text23       0048D8
_Display_Picture                      text44       0065C4
_EEADR                                (abs)        000FA9
_EECON1bits                           (abs)        000FA6
_EECON2                               (abs)        000FA7
_EEDATA                               (abs)        000FA8
_EEPROM_Read                          text48       006C68
_EEPROM_Read16                        text10       00681A
_EEPROM_Write                         text47       0069FE
_EEPROM_Write16                       text33       006BD8
_Handle_Command                       text110      006CD2
_I2CInit                              text13       006C54
_I2CSend                              text92       006C8E
_I2CStart                             text91       006CFC
_I2CStop                              text90       006CF4
_I2CWait                              text93       006C7C
_INTCONbits                           (abs)        000FF2
_JQ8900_SendCommand                   text100      00590C
_LATBbits                             (abs)        000F8A
_LCDInit                              text12       0062CE
_LCD_Command                          text80       006882
_LCD_Data                             text81       0068B6
_LoadConfigData                       text8        0043D2
_MCP4561_Write                        text89       006B7C
_Malfunction_HE_34                    mediumconst  00F8BE
_Mic1_adcValue                        bssBANK1     000150
_Mic2_adcValue                        bssBANK1     00014E
_OSCCON                               (abs)        000FD3
_PIE1bits                             (abs)        000F9D
_PIE3bits                             (abs)        000FA3
_PIE5bits                             (abs)        000F7D
_PIR1bits                             (abs)        000F9E
_PIR3bits                             (abs)        000FA4
_PIR5bits                             (abs)        000F7E
_PORTA                                (abs)        000F80
_PORTAbits                            (abs)        000F80
_PORTB                                (abs)        000F81
_PORTBbits                            (abs)        000F81
_PORTC                                (abs)        000F82
_PORTCbits                            (abs)        000F82
_PORTD                                (abs)        000F83
_PORTDbits                            (abs)        000F83
_PORTE                                (abs)        000F84
_PORTEbits                            (abs)        000F84
_PTT2                                 bssBANK1     00014A
_PTT_3                                text106      006CC6
_PTT_4                                text105      006CBA
_RCREG1                               (abs)        000FAE
_RCSTA1bits                           (abs)        000FAB
_RCSTA2bits                           (abs)        000F71
_RS485_Master_Task                    text107      0064CA
_RS485_Send                           text111      00672C
_RS485_Send_Response                  text109      0066E8
_RS485_Slave_Task                     text108      0063A2
_SPBRG1                               (abs)        000FAF
_SPBRG2                               (abs)        000F75
_SPBRGH1                              (abs)        000FB0
_SPBRGH2                              (abs)        000F76
_SSP1ADD                              (abs)        000FC8
_SSP1BUF                              (abs)        000FC9
_SSP1CON1                             (abs)        000FC6
_SSP1CON1bits                         (abs)        000FC6
_SSP1CON2                             (abs)        000FC5
_SSP1CON2bits                         (abs)        000FC5
_SSP1CON3                             (abs)        000FCB
_SSP1STAT                             (abs)        000FC7
_SSP1STATbits                         (abs)        000FC7
_SendShiftData595                     text104      0067E2
_SetWiperValue                        text88       006AA2
_T0CONbits                            (abs)        000FD5
_T5CONbits                            (abs)        000F4E
_TMR0                                 (abs)        000FD6
_TMR5H                                (abs)        000F50
_TMR5L                                (abs)        000F4F
_TRISA                                (abs)        000F92
_TRISB                                (abs)        000F93
_TRISC                                (abs)        000F94
_TRISCbits                            (abs)        000F94
_TRISD                                (abs)        000F95
_TRISE                                (abs)        000F96
_TXREG1                               (abs)        000FAD
_TXREG2                               (abs)        000F73
_TXSTA1bits                           (abs)        000FAC
_TXSTA2bits                           (abs)        000F72
_TXSTAbits                            (abs)        000FAC
_UART1_Write                          text112      006CDE
_WPUB                                 (abs)        000F61
__HRAM                                (abs)        000000
__H__absolute__                       __absolute__ 000000
__Habs1                               abs1         000000
__Hbank0                              bank0        000000
__Hbank1                              bank1        000000
__Hbank10                             bank10       000000
__Hbank11                             bank11       000000
__Hbank12                             bank12       000000
__Hbank13                             bank13       000000
__Hbank14                             bank14       000000
__Hbank15                             bank15       000000
__Hbank2                              bank2        000000
__Hbank3                              bank3        000000
__Hbank4                              bank4        000000
__Hbank5                              bank5        000000
__Hbank6                              bank6        000000
__Hbank7                              bank7        000000
__Hbank8                              bank8        000000
__Hbank9                              bank9        000000
__Hbigbss                             bigbss       000000
__Hbigdata                            bigdata      000000
__Hbigram                             bigram       000000
__Hbigsfr                             bigsfr       000000
__Hbss                                bss          000000
__HbssBANK0                           bssBANK0     000000
__HbssBANK1                           bssBANK1     000000
__HbssBIGRAM                          bssBIGRAM    000000
__HbssCOMRAM                          bssCOMRAM    000000
__Hcinit                              cinit        000000
__Hclrtext                            clrtext      000000
__Hcomram                             comram       000000
__Hconfig                             config       30000E
__Hconst                              const        000000
__HcstackBANK0                        cstackBANK0  000000
__HcstackBANK1                        cstackBANK1  000000
__HcstackBANK2                        cstackBANK2  000000
__HcstackCOMRAM                       cstackCOMRAM 000000
__Hdata                               data         000000
__HdataBANK0                          dataBANK0    000000
__HdataBANK1                          dataBANK1    000000
__HdataBANK2                          dataBANK2    000000
__Heeprom_data                        eeprom_data  000000
__Hfarbss                             farbss       000000
__Hfardata                            fardata      000000
__Hheap                               heap         000000
__Hibigdata                           ibigdata     000000
__Hidata                              idata        000000
__HidataBANK0                         idataBANK0   000000
__HidataBANK1                         idataBANK1   000000
__HidataBANK2                         idataBANK2   000000
__Hidloc                              idloc        200008
__Hifardata                           ifardata     000000
__Hinit                               init         0003D2
__Hintcode                            intcode      0003CE
__Hintcode_body                       intcode_body 000000
__Hintcodelo                          intcodelo    0003CE
__Hintentry                           intentry     000000
__Hintret                             intret       000000
__Hintsave_regs                       intsave_regs 000000
__Hirdata                             irdata       000000
__Hmediumconst                        mediumconst  010000
__HnvFARRAM                           nvFARRAM     000000
__Hnvbit                              nvbit        000000
__Hnvrram                             nvrram       000000
__Hparam                              rparam       000000
__Hpowerup                            powerup      0003CE
__Hram                                ram          000000
__Hramtop                             ramtop       001000
__Hrbit                               rbit         000000
__Hrbss                               rbss         000000
__Hrdata                              rdata        000000
__Hreset_vec                          reset_vec    000006
__Hrparam                             rparam       000000
__Hsfr                                sfr          000000
__Hsivt_hi                            sivt_hi      000000
__Hsivt_lo                            sivt_lo      000000
__Hsmallconst                         smallconst   000000
__Hspace_0                            (abs)        010000
__Hspace_1                            (abs)        00065E
__Hspace_2                            (abs)        000000
__Hspace_4                            (abs)        60000E
__Hstack                              stack        000000
__Hstruct                             struct       000000
__Htemp                               temp         000054
__Htext                               text         000000
__Htext0                              text0        000000
__Htext1                              text1        000000
__Htext10                             text10       000000
__Htext100                            text100      000000
__Htext101                            text101      000000
__Htext102                            text102      000000
__Htext103                            text103      000000
__Htext104                            text104      000000
__Htext105                            text105      000000
__Htext106                            text106      000000
__Htext107                            text107      000000
__Htext108                            text108      000000
__Htext109                            text109      000000
__Htext11                             text11       000000
__Htext110                            text110      000000
__Htext111                            text111      000000
__Htext112                            text112      000000
__Htext113                            text113      000000
__Htext12                             text12       000000
__Htext13                             text13       000000
__Htext14                             text14       000000
__Htext15                             text15       000000
__Htext16                             text16       000000
__Htext17                             text17       000000
__Htext18                             text18       000000
__Htext19                             text19       000000
__Htext2                              text2        000000
__Htext20                             text20       000000
__Htext21                             text21       000000
__Htext22                             text22       000000
__Htext23                             text23       000000
__Htext24                             text24       000000
__Htext25                             text25       000000
__Htext26                             text26       000000
__Htext27                             text27       000000
__Htext28                             text28       000000
__Htext29                             text29       000000
__Htext3                              text3        000000
__Htext30                             text30       000000
__Htext31                             text31       000000
__Htext32                             text32       000000
__Htext33                             text33       000000
__Htext34                             text34       000000
__Htext35                             text35       000000
__Htext36                             text36       000000
__Htext37                             text37       000000
__Htext38                             text38       000000
__Htext39                             text39       000000
__Htext4                              text4        000000
__Htext40                             text40       000000
__Htext41                             text41       000000
__Htext42                             text42       000000
__Htext43                             text43       000000
__Htext44                             text44       000000
__Htext45                             text45       000000
__Htext46                             text46       000000
__Htext47                             text47       000000
__Htext48                             text48       000000
__Htext49                             text49       000000
__Htext5                              text5        000000
__Htext50                             text50       000000
__Htext51                             text51       000000
__Htext52                             text52       000000
__Htext53                             text53       000000
__Htext54                             text54       000000
__Htext55                             text55       000000
__Htext56                             text56       000000
__Htext57                             text57       000000
__Htext58                             text58       000000
__Htext59                             text59       000000
__Htext6                              text6        000000
__Htext60                             text60       000000
__Htext61                             text61       000000
__Htext62                             text62       000000
__Htext63                             text63       000000
__Htext64                             text64       000000
__Htext65                             text65       000000
__Htext66                             text66       000000
__Htext67                             text67       000000
__Htext68                             text68       000000
__Htext69                             text69       000000
__Htext7                              text7        000000
__Htext70                             text70       000000
__Htext71                             text71       000000
__Htext72                             text72       000000
__Htext73                             text73       000000
__Htext74                             text74       000000
__Htext75                             text75       000000
__Htext76                             text76       000000
__Htext77                             text77       000000
__Htext78                             text78       000000
__Htext79                             text79       000000
__Htext8                              text8        000000
__Htext80                             text80       000000
__Htext81                             text81       000000
__Htext82                             text82       000000
__Htext83                             text83       000000
__Htext84                             text84       000000
__Htext85                             text85       000000
__Htext86                             text86       000000
__Htext87                             text87       000000
__Htext88                             text88       000000
__Htext89                             text89       000000
__Htext9                              text9        000000
__Htext90                             text90       000000
__Htext91                             text91       000000
__Htext92                             text92       000000
__Htext93                             text93       000000
__Htext94                             text94       000000
__Htext95                             text95       000000
__Htext96                             text96       000000
__Htext97                             text97       000000
__Htext98                             text98       000000
__Htext99                             text99       000000
__LRAM                                (abs)        000001
__L__absolute__                       __absolute__ 000000
__Labs1                               abs1         000000
__Lbank0                              bank0        000000
__Lbank1                              bank1        000000
__Lbank10                             bank10       000000
__Lbank11                             bank11       000000
__Lbank12                             bank12       000000
__Lbank13                             bank13       000000
__Lbank14                             bank14       000000
__Lbank15                             bank15       000000
__Lbank2                              bank2        000000
__Lbank3                              bank3        000000
__Lbank4                              bank4        000000
__Lbank5                              bank5        000000
__Lbank6                              bank6        000000
__Lbank7                              bank7        000000
__Lbank8                              bank8        000000
__Lbank9                              bank9        000000
__Lbigbss                             bigbss       000000
__Lbigdata                            bigdata      000000
__Lbigram                             bigram       000000
__Lbigsfr                             bigsfr       000000
__Lbss                                bss          000000
__LbssBANK0                           bssBANK0     000000
__LbssBANK1                           bssBANK1     000000
__LbssBIGRAM                          bssBIGRAM    000000
__LbssCOMRAM                          bssCOMRAM    000000
__Lcinit                              cinit        000000
__Lclrtext                            clrtext      000000
__Lcomram                             comram       000000
__Lconfig                             config       000000
__Lconst                              const        000000
__LcstackBANK0                        cstackBANK0  000000
__LcstackBANK1                        cstackBANK1  000000
__LcstackBANK2                        cstackBANK2  000000
__LcstackCOMRAM                       cstackCOMRAM 000000
__Ldata                               data         000000
__LdataBANK0                          dataBANK0    000000
__LdataBANK1                          dataBANK1    000000
__LdataBANK2                          dataBANK2    000000
__Leeprom_data                        eeprom_data  000000
__Lfarbss                             farbss       000000
__Lfardata                            fardata      000000
__Lheap                               heap         000000
__Libigdata                           ibigdata     000000
__Lidata                              idata        000000
__LidataBANK0                         idataBANK0   000000
__LidataBANK1                         idataBANK1   000000
__LidataBANK2                         idataBANK2   000000
__Lidloc                              idloc        000000
__Lifardata                           ifardata     000000
__Linit                               init         0003CE
__Lintcode                            intcode      000008
__Lintcode_body                       intcode_body 000000
__Lintcodelo                          intcodelo    0003CE
__Lintentry                           intentry     000000
__Lintret                             intret       000000
__Lintsave_regs                       intsave_regs 000000
__Lirdata                             irdata       000000
__Lmediumconst                        mediumconst  009200
__LnvFARRAM                           nvFARRAM     000000
__Lnvbit                              nvbit        000000
__Lnvrram                             nvrram       000000
__Lparam                              rparam       000000
__Lpowerup                            powerup      0003CE
__Lram                                ram          000000
__Lramtop                             ramtop       001000
__Lrbit                               rbit         000000
__Lrbss                               rbss         000000
__Lrdata                              rdata        000000
__Lreset_vec                          reset_vec    000000
__Lrparam                             rparam       000000
__Lsfr                                sfr          000000
__Lsivt_hi                            sivt_hi      000000
__Lsivt_lo                            sivt_lo      000000
__Lsmallconst                         smallconst   000000
__Lspace_0                            (abs)        000000
__Lspace_1                            (abs)        000000
__Lspace_2                            (abs)        000000
__Lspace_4                            (abs)        000000
__Lstack                              stack        000000
__Lstruct                             struct       000000
__Ltemp                               temp         000053
__Ltext                               text         000000
__Ltext0                              text0        000000
__Ltext1                              text1        000000
__Ltext10                             text10       000000
__Ltext100                            text100      000000
__Ltext101                            text101      000000
__Ltext102                            text102      000000
__Ltext103                            text103      000000
__Ltext104                            text104      000000
__Ltext105                            text105      000000
__Ltext106                            text106      000000
__Ltext107                            text107      000000
__Ltext108                            text108      000000
__Ltext109                            text109      000000
__Ltext11                             text11       000000
__Ltext110                            text110      000000
__Ltext111                            text111      000000
__Ltext112                            text112      000000
__Ltext113                            text113      000000
__Ltext12                             text12       000000
__Ltext13                             text13       000000
__Ltext14                             text14       000000
__Ltext15                             text15       000000
__Ltext16                             text16       000000
__Ltext17                             text17       000000
__Ltext18                             text18       000000
__Ltext19                             text19       000000
__Ltext2                              text2        000000
__Ltext20                             text20       000000
__Ltext21                             text21       000000
__Ltext22                             text22       000000
__Ltext23                             text23       000000
__Ltext24                             text24       000000
__Ltext25                             text25       000000
__Ltext26                             text26       000000
__Ltext27                             text27       000000
__Ltext28                             text28       000000
__Ltext29                             text29       000000
__Ltext3                              text3        000000
__Ltext30                             text30       000000
__Ltext31                             text31       000000
__Ltext32                             text32       000000
__Ltext33                             text33       000000
__Ltext34                             text34       000000
__Ltext35                             text35       000000
__Ltext36                             text36       000000
__Ltext37                             text37       000000
__Ltext38                             text38       000000
__Ltext39                             text39       000000
__Ltext4                              text4        000000
__Ltext40                             text40       000000
__Ltext41                             text41       000000
__Ltext42                             text42       000000
__Ltext43                             text43       000000
__Ltext44                             text44       000000
__Ltext45                             text45       000000
__Ltext46                             text46       000000
__Ltext47                             text47       000000
__Ltext48                             text48       000000
__Ltext49                             text49       000000
__Ltext5                              text5        000000
__Ltext50                             text50       000000
__Ltext51                             text51       000000
__Ltext52                             text52       000000
__Ltext53                             text53       000000
__Ltext54                             text54       000000
__Ltext55                             text55       000000
__Ltext56                             text56       000000
__Ltext57                             text57       000000
__Ltext58                             text58       000000
__Ltext59                             text59       000000
__Ltext6                              text6        000000
__Ltext60                             text60       000000
__Ltext61                             text61       000000
__Ltext62                             text62       000000
__Ltext63                             text63       000000
__Ltext64                             text64       000000
__Ltext65                             text65       000000
__Ltext66                             text66       000000
__Ltext67                             text67       000000
__Ltext68                             text68       000000
__Ltext69                             text69       000000
__Ltext7                              text7        000000
__Ltext70                             text70       000000
__Ltext71                             text71       000000
__Ltext72                             text72       000000
__Ltext73                             text73       000000
__Ltext74                             text74       000000
__Ltext75                             text75       000000
__Ltext76                             text76       000000
__Ltext77                             text77       000000
__Ltext78                             text78       000000
__Ltext79                             text79       000000
__Ltext8                              text8        000000
__Ltext80                             text80       000000
__Ltext81                             text81       000000
__Ltext82                             text82       000000
__Ltext83                             text83       000000
__Ltext84                             text84       000000
__Ltext85                             text85       000000
__Ltext86                             text86       000000
__Ltext87                             text87       000000
__Ltext88                             text88       000000
__Ltext89                             text89       000000
__Ltext9                              text9        000000
__Ltext90                             text90       000000
__Ltext91                             text91       000000
__Ltext92                             text92       000000
__Ltext93                             text93       000000
__Ltext94                             text94       000000
__Ltext95                             text95       000000
__Ltext96                             text96       000000
__Ltext97                             text97       000000
__Ltext98                             text98       000000
__Ltext99                             text99       000000
__PA__HE                              mediumconst  00F955
__S0                                  (abs)        010000
__S1                                  (abs)        00065E
__S4                                  (abs)        000000
__S5                                  (abs)        000000
___awdiv                              text55       005DC0
___awdiv@counter                      cstackCOMRAM 000017
___awdiv@dividend                     cstackCOMRAM 000013
___awdiv@divisor                      cstackCOMRAM 000015
___awdiv@quotient                     cstackCOMRAM 000019
___awdiv@sign                         cstackCOMRAM 000018
___awmod                              text54       006260
___awmod@counter                      cstackCOMRAM 000011
___awmod@dividend                     cstackCOMRAM 00000D
___awmod@divisor                      cstackCOMRAM 00000F
___awmod@sign                         cstackCOMRAM 000012
___fladd                              text69       00329E
___fladd@a                            cstackBANK0  000064
___fladd@aexp                         cstackBANK0  000069
___fladd@b                            cstackBANK0  000060
___fladd@bexp                         cstackBANK0  00006A
___fladd@grs                          cstackBANK0  00006B
___fladd@signs                        cstackBANK0  000068
___fldiv                              text38       0035A8
___fldiv@a                            cstackCOMRAM 000038
___fldiv@aexp                         cstackBANK0  00006C
___fldiv@b                            cstackCOMRAM 000034
___fldiv@bexp                         cstackBANK0  00006B
___fldiv@grs                          cstackBANK0  000067
___fldiv@new_exp                      cstackBANK0  000065
___fldiv@rem                          cstackBANK0  000060
___fldiv@sign                         cstackBANK0  000064
___fleq                               text72       005CB2
___fleq@ff1                           cstackCOMRAM 00000D
___fleq@ff2                           cstackCOMRAM 000011
___flge                               text71       00554C
___flge@ff1                           cstackCOMRAM 00000D
___flge@ff2                           cstackCOMRAM 000011
___flmul                              text60       002C5C
___flmul@a                            cstackCOMRAM 00001F
___flmul@aexp                         cstackCOMRAM 000028
___flmul@b                            cstackCOMRAM 00001B
___flmul@bexp                         cstackCOMRAM 000029
___flmul@grs                          cstackCOMRAM 00002A
___flmul@prod                         cstackCOMRAM 00002E
___flmul@sign                         cstackCOMRAM 000027
___flmul@temp                         cstackCOMRAM 000032
___flneg                              text70       00694E
___flneg@f1                           cstackCOMRAM 00000D
___flsub                              text68       006614
___flsub@a                            cstackBANK0  000070
___flsub@b                            cstackBANK0  00006C
___fltol                              text67       0056E6
___fltol@exp1                         cstackCOMRAM 000046
___fltol@f1                           cstackCOMRAM 00003D
___fltol@sign1                        cstackCOMRAM 000045
___heap_hi                            (abs)        000000
___heap_lo                            (abs)        000000
___inthi_sp                           stack        000000
___inthi_stack_hi                     stack        000000
___inthi_stack_lo                     stack        000000
___intlo_sp                           stack        000000
___intlo_stack_hi                     stack        000000
___intlo_stack_lo                     stack        000000
___lbdiv                              text59       0067AA
___lbdiv@counter                      cstackCOMRAM 000013
___lbdiv@dividend                     cstackCOMRAM 000012
___lbdiv@divisor                      cstackCOMRAM 000011
___lbdiv@quotient                     cstackCOMRAM 000014
___lbmod                              text58       006A7A
___lbmod@counter                      cstackCOMRAM 00000F
___lbmod@dividend                     cstackCOMRAM 00000E
___lbmod@divisor                      cstackCOMRAM 00000D
___lbmod@rem                          cstackCOMRAM 000010
___lldiv                              text66       005E42
___lldiv@counter                      cstackCOMRAM 000019
___lldiv@dividend                     cstackCOMRAM 00000D
___lldiv@divisor                      cstackCOMRAM 000011
___lldiv@quotient                     cstackCOMRAM 000015
___llmod                              text65       00640A
___llmod@counter                      cstackCOMRAM 000022
___llmod@dividend                     cstackCOMRAM 00001A
___llmod@divisor                      cstackCOMRAM 00001E
___lwdiv                              text39       006572
___lwdiv@counter                      cstackCOMRAM 000011
___lwdiv@dividend                     cstackCOMRAM 00000D
___lwdiv@divisor                      cstackCOMRAM 00000F
___lwdiv@quotient                     cstackCOMRAM 000012
___param_bank                         (abs)        000000
___rparam_used                        (abs)        000001
___sp                                 stack        000000
___stack_hi                           stack        000000
___stack_lo                           stack        000000
___wmul                               text64       006AF0
___wmul@multiplicand                  cstackCOMRAM 00000F
___wmul@multiplier                    cstackCOMRAM 00000D
___wmul@product                       cstackCOMRAM 000011
___xxtofl                             text63       004524
___xxtofl@arg                         cstackCOMRAM 000017
___xxtofl@exp                         cstackCOMRAM 000016
___xxtofl@sign                        cstackCOMRAM 000015
___xxtofl@val                         cstackCOMRAM 00000D
__about                               text24       004E74
__accesstop                           (abs)        000060
__activetblptr                        (abs)        000002
__all_mic_cut_104                     mediumconst  00C711
__audio_50                            mediumconst  00F8F1
__audio_70                            mediumconst  00F837
__audio_sett                          text21       000FE2
__audio_sett@_mgs_vol_backup          cstackBANK0  0000AC
__audio_sett@_mic1_vol_backup         cstackBANK0  0000AD
__audio_sett@_mic2_vol_backup         cstackBANK0  0000AE
__audio_sett@_mic3_vol_backup         cstackBANK0  0000AF
__audio_sett@mic1_db                  cstackBANK0  0000B0
__audio_sett@mic2_db                  cstackBANK0  0000A4
__audio_sett@mic3_db                  cstackBANK0  0000A8
__audio_sett@neg1                     cstackBANK0  0000B4
__audio_sett@neg2                     cstackBANK0  0000B5
__audio_sett@neg3                     cstackBANK0  0000B6
__audio_sett@neg4                     cstackBANK0  0000B7
__audio_sett@press_1                  cstackBANK0  0000B8
__audio_sett@x                        cstackBANK0  0000B9
__aux_mic1_19                         mediumconst  00C98D
__back                                mediumconst  00FD2A
__div_to_l_                           text62       005384
__div_to_l_@cntr                      cstackCOMRAM 000019
__div_to_l_@exp1                      cstackCOMRAM 00001A
__div_to_l_@f1                        cstackCOMRAM 00000D
__div_to_l_@f2                        cstackCOMRAM 000011
__div_to_l_@quot                      cstackCOMRAM 000015
__down                                mediumconst  00FD18
__end_ofLCDInit@F6461                 mediumconst  00C9C2
__end_of_ADC_init                     text14       006B7C
__end_of_Calculate_Checksum           text113      006CF4
__end_of_ConvertVolumeToDB            text23       004A06
__end_of_Display_Picture              text44       006614
__end_of_EEPROM_Read                  text48       006C7C
__end_of_EEPROM_Read16                text10       00684E
__end_of_EEPROM_Write                 text47       006A28
__end_of_EEPROM_Write16               text33       006BF4
__end_of_Handle_Command               text110      006CDE
__end_of_I2CInit                      text13       006C68
__end_of_I2CSend                      text92       006C9E
__end_of_I2CStart                     text91       006D04
__end_of_I2CStop                      text90       006CFC
__end_of_I2CWait                      text93       006C8E
__end_of_JQ8900_SendCommand           text100      0059B4
__end_of_LCDInit                      text12       006338
__end_of_LCD_Command                  text80       0068B6
__end_of_LCD_Data                     text81       0068EA
__end_of_LoadConfigData               text8        004524
__end_of_MCP4561_Write                text89       006B9C
__end_of_Malfunction_HE_34            mediumconst  00F8F1
__end_of_PTT_3                        text106      006CD2
__end_of_PTT_4                        text105      006CC6
__end_of_RS485_Master_Task            text107      006520
__end_of_RS485_Send                   text111      006770
__end_of_RS485_Send_Response          text109      00672C
__end_of_RS485_Slave_Task             text108      00640A
__end_of_SendShiftData595             text104      00681A
__end_of_SetWiperValue                text88       006ACA
__end_of_UART1_Write                  text112      006CEA
__end_of__PA__HE                      mediumconst  00F986
__end_of___awdiv                      text55       005E42
__end_of___awmod                      text54       0062CE
__end_of___fladd                      text69       0035A8
__end_of___fldiv                      text38       003830
__end_of___fleq                       text72       005D3C
__end_of___flge                       text71       00561C
__end_of___flmul                      text60       002F84
__end_of___flneg                      text70       00697C
__end_of___flsub                      text68       00665C
__end_of___fltol                      text67       0057A0
__end_of___lbdiv                      text59       0067E2
__end_of___lbmod                      text58       006AA2
__end_of___lldiv                      text66       005EC4
__end_of___llmod                      text65       006470
__end_of___lwdiv                      text39       0065C4
__end_of___wmul                       text64       006B16
__end_of___xxtofl                     text63       004664
__end_of__about                       text24       004F86
__end_of__all_mic_cut_104             mediumconst  00C779
__end_of__audio_50                    mediumconst  00F923
__end_of__audio_70                    mediumconst  00F87D
__end_of__audio_sett                  text21       001610
__end_of__aux_mic1_19                 mediumconst  00C9A5
__end_of__back                        mediumconst  00FD33
__end_of__div_to_l_                   text62       005478
__end_of__down                        mediumconst  00FD21
__end_of__enter                       mediumconst  00C9EA
__end_of__first_run_                  text7        005B00
__end_of__initialization              cinit        005A4C
__end_of__left1_bit                   mediumconst  00C9FD
__end_of__left1_port                  mediumconst  00C9F6
__end_of__left2_bit                   mediumconst  00C9FC
__end_of__left2_port                  mediumconst  00C9F4
__end_of__logo_                       mediumconst  00F5FF
__end_of__m1_short_42                 mediumconst  00FB4B
__end_of__m2_short_42                 mediumconst  00FB21
__end_of__m3_cut_48                   mediumconst  00F9B6
__end_of__m3_short_42                 mediumconst  00FAF7
__end_of__main_7_HE                   mediumconst  00EDFF
__end_of__mic1_cut_89                 mediumconst  00FA16
__end_of__mic2_cut_89                 mediumconst  00F9E6
__end_of__mic_menu_1_HE               mediumconst  00E9FF
__end_of__mic_menu_2_HE               mediumconst  00E5FF
__end_of__mic_menu_3_HE               mediumconst  00E1FF
__end_of__mic_off_HE                  mediumconst  00FC77
__end_of__npowers_                    mediumconst  00C918
__end_of__powers_                     mediumconst  00C8E4
__end_of__resete_all                  text20       0060A2
__end_of__right1_bit                  mediumconst  00C9FF
__end_of__right1_port                 mediumconst  00C9FA
__end_of__right2_bit                  mediumconst  00C9FE
__end_of__right2_port                 mediumconst  00C9F8
__end_of__rs_485_HE                   mediumconst  00F7F1
__end_of__rs_comm_                    text19       003AAE
__end_of__sp1_Line_GND_HE             mediumconst  00F6AD
__end_of__sp1_line_open_HE            mediumconst  00FAA0
__end_of__sp1_line_short_HE           mediumconst  00FA72
__end_of__sp2_Line_GND_HE             mediumconst  00F656
__end_of__sp2_line_open_HE            mediumconst  00FACD
__end_of__sp2_line_short_HE           mediumconst  00FA44
__end_of__tdiv_to_l_                  text61       005194
__end_of__up                          mediumconst  00FD2A
__end_of__zone_1_2_HE                 mediumconst  00FCD4
__end_of__zone_1_HE                   mediumconst  00FCB7
__end_of__zone_2_HE                   mediumconst  00FC97
__end_of_a_in_HE                      mediumconst  00C98D
__end_of_about__HE                    mediumconst  00F7A1
__end_of_ac_error_                    mediumconst  00F701
__end_of_action                       text102      00694E
__end_of_adc_menu_MIC1                text31       00329E
__end_of_adc_menu_SP1                 text30       006D0A
__end_of_adc_monitor                  text28       00291A
__end_of_addr_34                      mediumconst  00FBB7
__end_of_amp_error_                   mediumconst  00FB95
__end_of_bell_icon                    mediumconst  00C9F2
__end_of_date__HE                     mediumconst  00FCEF
__end_of_dc_error_                    mediumconst  00F8BE
__end_of_decreaseParamMax             text37       00528E
__end_of_decreaseParamMin             text36       005856
__end_of_detectLineState              text83       005B98
__end_of_detectStatePTT               text94       0056E6
__end_of_digits_8x16                  mediumconst  00C711
__end_of_digits_8x16@LCD_ST7565$F1509 mediumconst  00C591
__end_of_digits_8x16@LCD_ST7565$F1882 mediumconst  00C411
__end_of_digits_8x16@LCD_ST7565$F2198 mediumconst  00C291
__end_of_digits_8x16@LCD_ST7565$F2624 mediumconst  00C111
__end_of_digits_8x16@LCD_ST7565$F2980 mediumconst  00BF91
__end_of_digits_8x16@LCD_ST7565$F3662 mediumconst  00BE11
__end_of_digits_8x16@LCD_ST7565$F4136 mediumconst  00BC91
__end_of_digits_8x16@LCD_ST7565$F4552 mediumconst  00BB11
__end_of_digits_8x16@LCD_ST7565$F5271 mediumconst  00B991
__end_of_digits_8x16@LCD_ST7565$F5717 mediumconst  00B811
__end_of_digits_8x16@LCD_ST7565$F6282 mediumconst  00B691
__end_of_digits_8x16@LCD_ST7565$F6666 mediumconst  00B511
__end_of_digits_8x16@LCD_ST7565$F7055 mediumconst  00B391
__end_of_digits_8x16@LCD_ST7565$F7299 mediumconst  00B211
__end_of_digits_8x16@LCD_ST7565$F7551 mediumconst  00B091
__end_of_display_zone_image           text46       005C28
__end_of_dpowers                      mediumconst  00FB73
__end_of_dry_cont_state               text98       00554C
__end_of_dry_menu_1_HE                mediumconst  00DDFF
__end_of_dry_menu_2_HE                mediumconst  00D9FF
__end_of_dry_menu_3_HE                mediumconst  00D5FF
__end_of_dry_menu_4_HE                mediumconst  00D1FF
__end_of_eds_30                       mediumconst  00C96D
__end_of_eds_30D                      mediumconst  00C948
__end_of_empty_icon                   mediumconst  00C9CF
__end_of_erase_menu                   mediumconst  00CDFF
__end_of_first_screen                 text29       005DC0
__end_of_font16x16                    mediumconst  00C7D9
__end_of_fround                       text57       003D18
__end_of_handleDryCont_3_4            text96       005096
__end_of_handleEmergencyCalls         text84       005F42
__end_of_handleLineStates             text76       004C4E
__end_of_handleState                  text82       004B2E
__end_of_img_view                     text78       0063A2
__end_of_increaseParamMax             text35       006260
__end_of_increaseParamMin             text34       005384
[...]
memset@p                              cstackCOMRAM 000013
memset@p1                             cstackCOMRAM 00000D
menu1@F6506                           dataBANK1    0001BE
menu1@F6508                           dataBANK1    0001BB
menu1@_mic1_mode                      cstackCOMRAM 000030
menu1@backup_zone_sel                 cstackCOMRAM 00002D
menu1@i                               cstackCOMRAM 000034
menu1@m_neg                           cstackCOMRAM 000031
menu1@tr                              cstackCOMRAM 000026
menu1@y                               cstackCOMRAM 000036
menu3@dry1_sel                        cstackCOMRAM 000023
menu3@dry2_sel                        cstackCOMRAM 000024
menu3@msg1_sel                        cstackCOMRAM 000025
menu3@msg2_sel                        cstackCOMRAM 000026
menu3@neg1                            cstackCOMRAM 000027
menu3@neg2                            cstackCOMRAM 000029
menu3@neg3                            cstackCOMRAM 000028
menu3@neg4                            cstackCOMRAM 00002A
menu3@tr1                             cstackCOMRAM 00001F
menu3@tr2                             cstackCOMRAM 000020
menu3@tr3                             cstackCOMRAM 000021
menu3@tr4                             cstackCOMRAM 000022
menu3@y                               cstackCOMRAM 00002B
menu4@both_pressed                    cstackBANK1  0001F1
menu4@hold_time                       cstackBANK1  0001F2
menu4@selected                        cstackBANK1  0001EC
mic1_state@PTT1                       cstackCOMRAM 00001A
mic2_state@PTT2                       cstackCOMRAM 00001A
mic3_state@PTT3                       cstackCOMRAM 00001A
mulfunctions_@_neg                    cstackCOMRAM 000024
readADC@channel                       cstackCOMRAM 000011
rs_icon@F6512                         mediumconst  00C9D9
rs_icon@i                             cstackCOMRAM 000019
rs_icon@iconData                      cstackCOMRAM 000010
scale@scl                             cstackCOMRAM 00003C
sprintf@ap                            cstackBANK0  000089
sprintf@c                             cstackBANK0  0000A1
sprintf@cp                            cstackBANK0  000087
sprintf@eexp                          cstackBANK0  000095
sprintf@f                             cstackBANK0  000076
sprintf@flag                          cstackBANK0  000097
sprintf@fval                          cstackBANK0  000099
sprintf@len                           cstackBANK0  00008B
sprintf@prec                          cstackBANK0  00009F
sprintf@sp                            cstackBANK0  000074
sprintf@tmpval                        cstackBANK0  00008D
sprintf@val                           cstackBANK0  000091
sprintf@width                         cstackBANK0  00009D
stackhi                               (abs)        000000
stacklo                               (abs)        000000
start                                 init         0003CE
start_initialization                  cinit        0059B4
strlen@cp                             cstackCOMRAM 00000F
strlen@s                              cstackCOMRAM 00000D
sys_adc_tst@error_code                cstackCOMRAM 000022
sys_adc_tst@i                         cstackCOMRAM 000021
sys_adc_tst@last_error                bssBANK0     0000EA
sys_timer_set@backup_line_timer       cstackBANK0  0000C2
sys_timer_set@backup_mode             cstackBANK0  0000C3
sys_timer_set@buf                     cstackBANK0  0000A4
sys_timer_set@i                       cstackBANK0  0000C8
sys_timer_set@i_3849                  cstackBANK0  0000CA
sys_timer_set@menu_index              cstackBANK0  0000CC
tmr_drop_menu@en                      cstackCOMRAM 00001B
ttemp5                                temp         000054
ttemp6                                temp         000057
ttemp7                                temp         00005B
uart1_init@baudrate                   cstackCOMRAM 00001A
uart1_init@brg                        cstackCOMRAM 000022
uart2_init@baudrate                   cstackCOMRAM 00001A
uart2_init@brg                        cstackCOMRAM 000022
wtemp8                                temp         000054
zone_on_off@rly1                      cstackCOMRAM 00000E
zone_on_off@rly2                      cstackCOMRAM 00000D


MODULE INFORMATION

Module		Function		Class		Link	Load	Size
C:\Program Files\Microchip\xc8\v2.50\pic\sources\c90\common\lbdiv.c
		___lbdiv       		CODE           	67AA	0000	56

C:\Program Files\Microchip\xc8\v2.50\pic\sources\c90\common\lbdiv.c estimated size: 56

timers.c
		_init_TMR0     		CODE           	6A52	0000	40
		_init_TMR5     		CODE           	69D4	0000	42

timers.c estimated size: 82

C:\Program Files\Microchip\xc8\v2.50\pic\sources\c90\common\memset.c
		_memset        		CODE           	69A8	0000	44

C:\Program Files\Microchip\xc8\v2.50\pic\sources\c90\common\memset.c estimated size: 44

C:\Program Files\Microchip\xc8\v2.50\pic\sources\c90\common\flge.c
		___flge        		CODE           	554C	0000	208

C:\Program Files\Microchip\xc8\v2.50\pic\sources\c90\common\flge.c estimated size: 208

uart.c
		_uart1_init    		CODE           	5F42	0000	122
		_uart2_init    		CODE           	5FBC	0000	116

uart.c estimated size: 238

C:\Program Files\Microchip\xc8\v2.50\pic\sources\c90\common\doprnt.c
		_scale         		CODE           	1B0E	0000	976
		_sprintf       		CODE           	03D2	0000	3088
		_fround        		CODE           	3AAE	0000	618

C:\Program Files\Microchip\xc8\v2.50\pic\sources\c90\common\doprnt.c estimated size: 4682

mic.c
		_dry_cont_state		CODE           	5478	0000	212
		_saveMic1ThresholdsToEEPROM		CODE           	60A2	0000	114
		_handleDryCont_3_4		CODE           	4F86	0000	272
		_handleEmergencyCalls		CODE           	5EC4	0000	126
		_detectStatePTT		CODE           	561C	0000	202
		_loadMic1Thresholds		CODE           	47A2	0000	310
		_mic1_state    		CODE           	3F20	0000	422
		_mic2_state    		CODE           	4254	0000	382
		_mic3_state    		CODE           	40C6	0000	398

mic.c estimated size: 2438

i2c.c
		_I2CStop       		CODE           	6CF4	0000	8
		_I2CStart      		CODE           	6CFC	0000	8
		_I2CWait       		CODE           	6C7C	0000	18
		_I2CInit       		CODE           	6C54	0000	20
		_I2CSend       		CODE           	6C8E	0000	16

i2c.c estimated size: 70

C:\Program Files\Microchip\xc8\v2.50\pic\sources\c90\common\llmod.c
		___llmod       		CODE           	640A	0000	102

C:\Program Files\Microchip\xc8\v2.50\pic\sources\c90\common\llmod.c estimated size: 102

C:\Program Files\Microchip\xc8\v2.50\pic\sources\c90\common\sprcmul.c
		___flmul       		CODE           	2C5C	0000	808

C:\Program Files\Microchip\xc8\v2.50\pic\sources\c90\common\sprcmul.c estimated size: 808

sp_line.c
		_handleState   		CODE           	4A06	0000	296
		_handleLineStates		CODE           	4B2E	0000	288
		_detectLineState		CODE           	5B00	0000	152

sp_line.c estimated size: 736

C:\Program Files\Microchip\xc8\v2.50\pic\sources\c90\common\sprcdiv.c
		___fldiv       		CODE           	35A8	0000	648

C:\Program Files\Microchip\xc8\v2.50\pic\sources\c90\common\sprcdiv.c estimated size: 648

epprom.c
		_EEPROM_Read   		CODE           	6C68	0000	20
		_EEPROM_Write  		CODE           	69FE	0000	42
		_EEPROM_Read16 		CODE           	681A	0000	52
		_EEPROM_Write16		CODE           	6BD8	0000	28

epprom.c estimated size: 142

C:\Program Files\Microchip\xc8\v2.50\pic\sources\c90\common\ftdivl.c
		__tdiv_to_l_   		CODE           	5096	0000	254

C:\Program Files\Microchip\xc8\v2.50\pic\sources\c90\common\ftdivl.c estimated size: 254

C:\Program Files\Microchip\xc8\v2.50\pic\sources\c90\common\awmod.c
		___awmod       		CODE           	6260	0000	110

C:\Program Files\Microchip\xc8\v2.50\pic\sources\c90\common\awmod.c estimated size: 110

C:\Program Files\Microchip\xc8\v2.50\pic\sources\c90\common\Umul16.c
		___wmul        		CODE           	6AF0	0000	38

C:\Program Files\Microchip\xc8\v2.50\pic\sources\c90\common\Umul16.c estimated size: 38

LCD_ST7565.c
		_img_view      		CODE           	6338	0000	106
		_LCD_Command   		CODE           	6882	0000	52
		_lcd_putch     		CODE           	5856	0000	182
		_lcd_putstr    		CODE           	6470	0000	90
		_LCD_Data      		CODE           	68B6	0000	52
		_LCDInit       		CODE           	62CE	0000	106
		_Display_Picture		CODE           	65C4	0000	80
		_lcd_clear     		CODE           	6ACA	0000	38
		_lcd_gotoxy    		CODE           	6BBA	0000	30
		_lcd_clear_pixels		CODE           	6B16	0000	36
		_rs_icon       		CODE           	68EA	0000	50
		_lcd_clear_line		CODE           	6B9C	0000	30

LCD_ST7565.c estimated size: 852

C:\Program Files\Microchip\xc8\v2.50\pic\sources\c90\common\__lldiv.c
		___lldiv       		CODE           	5E42	0000	130

C:\Program Files\Microchip\xc8\v2.50\pic\sources\c90\common\__lldiv.c estimated size: 130

C:\Program Files\Microchip\xc8\v2.50\pic\sources\c90\common\lwdiv.c
		___lwdiv       		CODE           	6572	0000	82

C:\Program Files\Microchip\xc8\v2.50\pic\sources\c90\common\lwdiv.c estimated size: 82

DY1703A.c
		_jq8900_init   		CODE           	6520	0000	82
		_jq8900_stop   		CODE           	6C9E	0000	16
		_jq8900_playTrack		CODE           	6C10	0000	24
		_jq8900_setVolume		CODE           	6C28	0000	22
		_is_module_busy		CODE           	6CAE	0000	12
		_JQ8900_SendCommand		CODE           	590C	0000	168

DY1703A.c estimated size: 324

C:\Program Files\Microchip\xc8\v2.50\pic\sources\c90\common\fldivl.c
		__div_to_l_    		CODE           	5384	0000	244

C:\Program Files\Microchip\xc8\v2.50\pic\sources\c90\common\fldivl.c estimated size: 244

C:\Program Files\Microchip\xc8\v2.50\pic\sources\c90\common\fltol.c
		___fltol       		CODE           	56E6	0000	186

C:\Program Files\Microchip\xc8\v2.50\pic\sources\c90\common\fltol.c estimated size: 186

shared
		adc_monitor@num_channels		MEDIUMCONST    	0000	0000	0
		_addr_34       		MEDIUMCONST    	FB95	0000	34
		_empty_icon    		MEDIUMCONST    	C9C2	0000	13
		_lcd_font@LCD_ST7565$F2197		MEDIUMCONST    	0000	0000	0
		_about__HE     		MEDIUMCONST    	F751	0000	80
		__left2_bit    		MEDIUMCONST    	0000	0000	0
		_lcd_font@LCD_ST7565$F7054		MEDIUMCONST    	95A3	0000	465
		__left2_port   		MEDIUMCONST    	0000	0000	0
		__sp2_line_open_HE		MEDIUMCONST    	FAA0	0000	45
		__main_7_HE    		MEDIUMCONST    	E9FF	0000	1024
		_mic1ThresholdsDefault		MEDIUMCONST    	C9A5	0000	16
		_lcd_font@LCD_ST7565$F6281		MEDIUMCONST    	0000	0000	0
		_mode001_HE    		MEDIUMCONST    	EDFF	0000	1024
		__sp1_Line_GND_HE		MEDIUMCONST    	F656	0000	87
		_msg_2_HE      		MEDIUMCONST    	FC17	0000	32
		__right2_bit   		MEDIUMCONST    	0000	0000	0
		__down         		MEDIUMCONST    	FD18	0000	9
		__right2_port  		MEDIUMCONST    	0000	0000	0
		__mic_off_HE   		MEDIUMCONST    	FC57	0000	32
		__sp2_Line_GND_HE		MEDIUMCONST    	F5FF	0000	87
		_lcd_font@LCD_ST7565$F5716		MEDIUMCONST    	0000	0000	0
		_ac_error_     		MEDIUMCONST    	F6AD	0000	84
		__powers_      		MEDIUMCONST    	C8B0	0000	52
		_dry_menu_1_HE 		MEDIUMCONST    	D9FF	0000	1024
		_dry_menu_2_HE 		MEDIUMCONST    	D5FF	0000	1024
		_dry_menu_3_HE 		MEDIUMCONST    	D1FF	0000	1024
		_dry_menu_4_HE 		MEDIUMCONST    	CDFF	0000	1024
		_lcd_font      		MEDIUMCONST    	0000	0000	0
		_dc_error_     		MEDIUMCONST    	F87D	0000	65
		_dpowers       		MEDIUMCONST    	FB4B	0000	40
		_reset_HE      		MEDIUMCONST    	F701	0000	80
		_klali_HE      		MEDIUMCONST    	C7D9	0000	80
		__back         		MEDIUMCONST    	FD2A	0000	9
		_rev__HE       		MEDIUMCONST    	FCEF	0000	24
		_msg_3_HE      		MEDIUMCONST    	FBF7	0000	32
		__rs_485_HE    		MEDIUMCONST    	F7A1	0000	80
		_msg_error_    		MEDIUMCONST    	C879	0000	55
		__PA__HE       		MEDIUMCONST    	F955	0000	49
		_sys_sett_HE   		MEDIUMCONST    	F923	0000	50
		__zone_2_HE    		MEDIUMCONST    	FC77	0000	32
		__audio_50     		MEDIUMCONST    	F8F1	0000	50
		__audio_70     		MEDIUMCONST    	F837	0000	70
		adc_monitor@channels		MEDIUMCONST    	FD33	0000	5
		__up           		MEDIUMCONST    	FD21	0000	9
		_lcd_font@LCD_ST7565$F1508		MEDIUMCONST    	0000	0000	0
		_lcd_font@LCD_ST7565$F7298		MEDIUMCONST    	0000	0000	0
		__right1_bit   		MEDIUMCONST    	0000	0000	0
		_date__HE      		MEDIUMCONST    	FCD4	0000	27
		__npowers_     		MEDIUMCONST    	C8E4	0000	52
		_msg_4_HE      		MEDIUMCONST    	FBD7	0000	32
		_amp_error_    		MEDIUMCONST    	FB73	0000	34
		rs_icon@F6512  		MEDIUMCONST    	C9D9	0000	9
		_lcd_font@LCD_ST7565$F4551		MEDIUMCONST    	0000	0000	0
		_lcd_font@LCD_ST7565$F2623		MEDIUMCONST    	0000	0000	0
		_eds_30D       		MEDIUMCONST    	C918	0000	48
		__right1_port  		MEDIUMCONST    	0000	0000	0
		__initialization		CODE           	59B4	0000	152
		_lcd_font@LCD_ST7565$F7550		MEDIUMCONST    	0000	0000	0
		_lcd_font@LCD_ST7565$F1881		MEDIUMCONST    	0000	0000	0
		_lcd_font@LCD_ST7565$F2979		MEDIUMCONST    	0000	0000	0
		_digits_8x16@LCD_ST7565$F5271		MEDIUMCONST    	0000	0000	0
		_digits_8x16@LCD_ST7565$F7551		MEDIUMCONST    	0000	0000	0
		_digits_8x16@LCD_ST7565$F4552		MEDIUMCONST    	0000	0000	0
		_digits_8x16@LCD_ST7565$F2980		MEDIUMCONST    	0000	0000	0
		_digits_8x16@LCD_ST7565$F2624		MEDIUMCONST    	0000	0000	0
		_digits_8x16@LCD_ST7565$F3662		MEDIUMCONST    	0000	0000	0
		_digits_8x16@LCD_ST7565$F6282		MEDIUMCONST    	0000	0000	0
		_digits_8x16@LCD_ST7565$F1882		MEDIUMCONST    	0000	0000	0
		_digits_8x16@LCD_ST7565$F4136		MEDIUMCONST    	0000	0000	0
		_digits_8x16@LCD_ST7565$F7055		MEDIUMCONST    	0000	0000	0
		_digits_8x16@LCD_ST7565$F5717		MEDIUMCONST    	0000	0000	0
		_digits_8x16@LCD_ST7565$F1509		MEDIUMCONST    	0000	0000	0
		_digits_8x16@LCD_ST7565$F6666		MEDIUMCONST    	0000	0000	0
		_digits_8x16@LCD_ST7565$F2198		MEDIUMCONST    	0000	0000	0
		_digits_8x16@LCD_ST7565$F7299		MEDIUMCONST    	0000	0000	0
		__enter        		MEDIUMCONST    	C9E2	0000	8
		__aux_mic1_19  		MEDIUMCONST    	C98D	0000	24
		_msg_5_HE      		MEDIUMCONST    	FBB7	0000	32
		_prod__HE      		MEDIUMCONST    	FD07	0000	17
		_msg_sett_HE   		MEDIUMCONST    	C829	0000	80
		__m1_short_42  		MEDIUMCONST    	FB21	0000	42
		__sp1_line_short_HE		MEDIUMCONST    	FA44	0000	46
		_eds_30        		MEDIUMCONST    	C948	0000	37
		_a_in_HE       		MEDIUMCONST    	C96D	0000	32
		__left1_bit    		MEDIUMCONST    	0000	0000	0
		__m2_short_42  		MEDIUMCONST    	FAF7	0000	42
		__zone_1_HE    		MEDIUMCONST    	FC97	0000	32
		_lcd_font@LCD_ST7565$F4135		MEDIUMCONST    	0000	0000	0
		__mic1_cut_89  		MEDIUMCONST    	F9E6	0000	48
		_erase_menu    		MEDIUMCONST    	C9FF	0000	1024
		__left1_port   		MEDIUMCONST    	0000	0000	0
		_digits_8x16   		MEDIUMCONST    	0000	0000	0
		_lcd_font@LCD_ST7565$F5270		MEDIUMCONST    	0000	0000	0
		__zone_1_2_HE  		MEDIUMCONST    	FCB7	0000	29
		__m3_short_42  		MEDIUMCONST    	FACD	0000	42
		_Malfunction_HE_34		MEDIUMCONST    	F8BE	0000	51
		adc_monitor@channelNames		MEDIUMCONST    	C9CF	0000	10
		LCDInit@F6461  		MEDIUMCONST    	C9B5	0000	13
		__sp2_line_short_HE		MEDIUMCONST    	FA16	0000	46
		__all_mic_cut_104		MEDIUMCONST    	C711	0000	104
		_bell_icon     		MEDIUMCONST    	C9EA	0000	8
		__logo_        		MEDIUMCONST    	F1FF	0000	1024
		_lcd_font@LCD_ST7565$F3661		MEDIUMCONST    	0000	0000	0
		_font16x16     		MEDIUMCONST    	C779	0000	96
		_rs_70         		MEDIUMCONST    	F7F1	0000	70
		_lcd_font@LCD_ST7565$F6665		MEDIUMCONST    	0000	0000	0
		__m3_cut_48    		MEDIUMCONST    	F986	0000	48
		__mic2_cut_89  		MEDIUMCONST    	F9B6	0000	48
		_msg_1_HE      		MEDIUMCONST    	FC37	0000	32
		__mic_menu_1_HE		MEDIUMCONST    	E5FF	0000	1024
		__mic_menu_2_HE		MEDIUMCONST    	E1FF	0000	1024
		__mic_menu_3_HE		MEDIUMCONST    	DDFF	0000	1024
		__sp1_line_open_HE		MEDIUMCONST    	FA72	0000	46

shared estimated size: 14467

C:\Program Files\Microchip\xc8\v2.50\pic\sources\c90\common\lbmod.c
		___lbmod       		CODE           	6A7A	0000	40

C:\Program Files\Microchip\xc8\v2.50\pic\sources\c90\common\lbmod.c estimated size: 40

C:\Program Files\Microchip\xc8\v2.50\pic\sources\c90\common\fleq.c
		___fleq        		CODE           	5CB2	0000	138

C:\Program Files\Microchip\xc8\v2.50\pic\sources\c90\common\fleq.c estimated size: 138

ADC.c
		_ADC_init      		CODE           	6B5C	0000	32
		_readADC       		CODE           	6770	0000	58

ADC.c estimated size: 90

C:\Program Files\Microchip\xc8\v2.50\pic\sources\c90\common\isdigit.c
		_isdigit       		CODE           	6BF4	0000	28

C:\Program Files\Microchip\xc8\v2.50\pic\sources\c90\common\isdigit.c estimated size: 28

C:\Program Files\Microchip\xc8\v2.50\pic\sources\c90\common\sprcadd.c
		___flsub       		CODE           	6614	0000	72
		___fladd       		CODE           	329E	0000	778

C:\Program Files\Microchip\xc8\v2.50\pic\sources\c90\common\sprcadd.c estimated size: 850

RS485.c
		_UART1_Write   		CODE           	6CDE	0000	12
		_Handle_Command		CODE           	6CD2	0000	12
		_RS485_Send    		CODE           	672C	0000	68
		_Calculate_Checksum		CODE           	6CEA	0000	10
		_RS485_Slave_Task		CODE           	63A2	0000	104
		_RS485_Master_Task		CODE           	64CA	0000	86
		_RS485_Send_Response		CODE           	66E8	0000	68

RS485.c estimated size: 360

menu.c
		_first_screen  		CODE           	5D3C	0000	132
		_menu4         		CODE           	3D18	0000	520
		_sys_timer_set 		CODE           	291A	0000	834
		_adc_monitor   		CODE           	25D2	0000	840
		_decreaseParamMin		CODE           	57A0	0000	182
		_decreaseParamMax		CODE           	5194	0000	250
		__audio_sett   		CODE           	0FE2	0000	1582
		_display_zone_image		CODE           	5B98	0000	144
		__resete_all   		CODE           	6030	0000	114
		_m_screen      		CODE           	6C3E	0000	22
		_increaseParamMin		CODE           	528E	0000	246
		_increaseParamMax		CODE           	61F2	0000	110
		_menu1         		CODE           	2284	0000	846
		_tmr_drop_menu 		CODE           	684E	0000	52
		__rs_comm_     		CODE           	3830	0000	638
		_adc_menu_SP1  		CODE           	6D08	0000	2
		_adc_menu_MIC1 		CODE           	2F84	0000	794
		__about        		CODE           	4E74	0000	274
		_menu3         		CODE           	1610	0000	1278

menu.c estimated size: 8860

595.c
		_SendShiftData595		CODE           	67E2	0000	56

595.c estimated size: 56

C:\Program Files\Microchip\xc8\v2.50\pic\sources\c90\common\awdiv.c
		___awdiv       		CODE           	5DC0	0000	130

C:\Program Files\Microchip\xc8\v2.50\pic\sources\c90\common\awdiv.c estimated size: 130

mcp4561.c
		_ConvertVolumeToDB		CODE           	48D8	0000	302
		_MCP4561_Write 		CODE           	6B7C	0000	32
		_SetWiperValue 		CODE           	6AA2	0000	40

mcp4561.c estimated size: 374

main.c
		_sys_init      		CODE           	4664	0000	318
		_action        		CODE           	691C	0000	50
		_push_butt     		CODE           	6184	0000	110
		_PTT_3         		CODE           	6CC6	0000	12
		_main          		CODE           	665C	0000	70
		_startup_logo_leds		CODE           	6114	0000	112
		_zone_on_off   		CODE           	66A2	0000	70
		_PTT_4         		CODE           	6CBA	0000	12
		_isr           		CODE           	0008	0000	966
		__first_run_   		CODE           	5A5A	0000	166
		_LoadConfigData		CODE           	43D2	0000	338
		_main_icon_    		CODE           	1EDE	0000	934
		_line_check_presentes		CODE           	5C28	0000	138

main.c estimated size: 3296

C:\Program Files\Microchip\xc8\v2.50\pic\sources\c90\common\xxtofl.c
		___xxtofl      		CODE           	4524	0000	320

C:\Program Files\Microchip\xc8\v2.50\pic\sources\c90\common\xxtofl.c estimated size: 320

system.c
		_sys_adc_tst   		CODE           	4D62	0000	274
		_mulfunctions_ 		CODE           	4C4E	0000	276

system.c estimated size: 550

C:\Program Files\Microchip\xc8\v2.50\pic\sources\c90\common\flneg.c
		___flneg       		CODE           	694E	0000	46

C:\Program Files\Microchip\xc8\v2.50\pic\sources\c90\common\flneg.c estimated size: 46

C:\Program Files\Microchip\xc8\v2.50\pic\sources\c90\common\strlen.c
		_strlen        		CODE           	6B3A	0000	34

C:\Program Files\Microchip\xc8\v2.50\pic\sources\c90\common\strlen.c estimated size: 34

